Archive member included because of file (symbol)

C:/NXP/S32DS_ARM_v2.0/S32DS/arm_ewl2/lib/armv7e-m\libc99.a(exit.o)
                              C:/NXP/S32DS_ARM_v2.0/S32DS/arm_ewl2/lib/armv7e-m/__arm_start.o (exit)
C:/NXP/S32DS_ARM_v2.0/S32DS/arm_ewl2/lib/armv7e-m\libc99.a(memcpy.o)
                              ./Sources/CANTP.o (memcpy)
C:/NXP/S32DS_ARM_v2.0/S32DS/arm_ewl2/lib/armv7e-m\libc99.a(memset.o)
                              C:/NXP/S32DS_ARM_v2.0/S32DS/arm_ewl2/lib/armv7e-m/__arm_start.o (memset)
C:/NXP/S32DS_ARM_v2.0/S32DS/arm_ewl2/lib/armv7e-m\libc99.a(__filll_mem.o)
                              C:/NXP/S32DS_ARM_v2.0/S32DS/arm_ewl2/lib/armv7e-m\libc99.a(memset.o) (__fill_mem)
C:/NXP/S32DS_ARM_v2.0/S32DS/arm_ewl2/lib/armv7e-m\librt.a(gcc_ctor_dtor.o)
                              C:/NXP/S32DS_ARM_v2.0/S32DS/arm_ewl2/lib/armv7e-m/__arm_start.o (__init_cpp)
C:/NXP/S32DS_ARM_v2.0/S32DS/arm_ewl2/lib/armv7e-m\librt.a(__arm_eabi_init.o)
                              C:/NXP/S32DS_ARM_v2.0/S32DS/arm_ewl2/lib/armv7e-m\libc99.a(exit.o) (__destroy_global_chain)
C:/NXP/S32DS_ARM_v2.0/S32DS/arm_ewl2/lib/armv7e-m\librt.a(ROMCopy.o)
                              C:/NXP/S32DS_ARM_v2.0/S32DS/arm_ewl2/lib/armv7e-m/__arm_start.o (__copy_rom_sections_to_ram)

Allocating common symbols
Common symbol       size              file

g_xtal0ClkFreq      0x4               ./SDK/platform/drivers/src/clock/S32K1xx/clock_S32K1xx.o
canCom1_State       0x10c             ./Generated_Code/canCom1.o
convert_Buff        0x8               ./Sources/CAN_standard.o
recvBuff            0x4c              ./Sources/CAN_standard.o
flashSSDConfig      0x1c              ./Sources/main.o
g_RtcClkInFreq      0x4               ./SDK/platform/drivers/src/clock/S32K1xx/clock_S32K1xx.o
RxBuffer            0xfff             ./Sources/main.o
TxBuffer            0x14              ./Sources/main.o
g_TClkFreq          0xc               ./SDK/platform/drivers/src/clock/S32K1xx/clock_S32K1xx.o
link                0x24              ./Sources/CANTP.o
dmaController1_State
                    0x40              ./Generated_Code/dmaController1.o
dmaController1Chn0_State
                    0x10              ./Generated_Code/dmaController1.o

Discarded input sections

 .text          0x00000000        0x0 C:/NXP/S32DS_ARM_v2.0/S32DS/arm_ewl2/lib/armv7e-m/__arm_start.o
 .data          0x00000000        0x0 C:/NXP/S32DS_ARM_v2.0/S32DS/arm_ewl2/lib/armv7e-m/__arm_start.o
 .bss           0x00000000        0x0 C:/NXP/S32DS_ARM_v2.0/S32DS/arm_ewl2/lib/armv7e-m/__arm_start.o
 .text.__thumb_startup
                0x00000000       0x3c C:/NXP/S32DS_ARM_v2.0/S32DS/arm_ewl2/lib/armv7e-m/__arm_start.o
 .text.__iar_program_start
                0x00000000        0x4 C:/NXP/S32DS_ARM_v2.0/S32DS/arm_ewl2/lib/armv7e-m/__arm_start.o
 .bss.argv      0x00000000        0x4 C:/NXP/S32DS_ARM_v2.0/S32DS/arm_ewl2/lib/armv7e-m/__arm_start.o
 .debug_info    0x00000000      0x144 C:/NXP/S32DS_ARM_v2.0/S32DS/arm_ewl2/lib/armv7e-m/__arm_start.o
 .debug_abbrev  0x00000000       0xc0 C:/NXP/S32DS_ARM_v2.0/S32DS/arm_ewl2/lib/armv7e-m/__arm_start.o
 .debug_aranges
                0x00000000       0x28 C:/NXP/S32DS_ARM_v2.0/S32DS/arm_ewl2/lib/armv7e-m/__arm_start.o
 .debug_line    0x00000000       0x68 C:/NXP/S32DS_ARM_v2.0/S32DS/arm_ewl2/lib/armv7e-m/__arm_start.o
 .debug_str     0x00000000      0x270 C:/NXP/S32DS_ARM_v2.0/S32DS/arm_ewl2/lib/armv7e-m/__arm_start.o
 .comment       0x00000000       0x71 C:/NXP/S32DS_ARM_v2.0/S32DS/arm_ewl2/lib/armv7e-m/__arm_start.o
 .debug_frame   0x00000000       0x30 C:/NXP/S32DS_ARM_v2.0/S32DS/arm_ewl2/lib/armv7e-m/__arm_start.o
 .ARM.attributes
                0x00000000       0x33 C:/NXP/S32DS_ARM_v2.0/S32DS/arm_ewl2/lib/armv7e-m/__arm_start.o
 .group         0x00000000        0x8 ./Sources/main.o
 .group         0x00000000        0x8 ./Sources/main.o
 .group         0x00000000        0x8 ./Sources/main.o
 .group         0x00000000        0x8 ./Sources/main.o
 .group         0x00000000        0x8 ./Sources/main.o
 .group         0x00000000        0x8 ./Sources/main.o
 .group         0x00000000        0x8 ./Sources/main.o
 .group         0x00000000        0x8 ./Sources/main.o
 .group         0x00000000        0x8 ./Sources/main.o
 .group         0x00000000        0x8 ./Sources/main.o
 .group         0x00000000        0x8 ./Sources/main.o
 .group         0x00000000        0x8 ./Sources/main.o
 .group         0x00000000        0x8 ./Sources/main.o
 .group         0x00000000        0x8 ./Sources/main.o
 .group         0x00000000        0x8 ./Sources/main.o
 .group         0x00000000        0x8 ./Sources/main.o
 .group         0x00000000        0x8 ./Sources/main.o
 .group         0x00000000        0x8 ./Sources/main.o
 .group         0x00000000        0x8 ./Sources/main.o
 .group         0x00000000        0x8 ./Sources/main.o
 .group         0x00000000        0x8 ./Sources/main.o
 .group         0x00000000        0x8 ./Sources/main.o
[...]
Memory Configuration

Name             Origin             Length             Attributes
m_interrupts     0x00000000         0x00000400         xr
m_flash_config   0x00000400         0x00000010         xr
m_text           0x00000410         0x0000d000         xr
m_data           0x1fff8000         0x00008000         rw
m_data_2         0x20000000         0x00007000         rw
*default*        0x00000000         0xffffffff

Linker script and memory map

LOAD C:/NXP/S32DS_ARM_v2.0/S32DS/arm_ewl2/lib/armv7e-m/__arm_start.o
LOAD ./Sources/main.o
LOAD ./Sources/CAN_standard.o
LOAD ./Sources/CANTP.o
LOAD ./SDK/rtos/osif/osif_baremetal.o
LOAD ./SDK/platform/drivers/src/pins/pins_port_hw_access.o
LOAD ./SDK/platform/drivers/src/pins/pins_driver.o
LOAD ./SDK/platform/drivers/src/interrupt/interrupt_manager.o
LOAD ./SDK/platform/drivers/src/flexcan/flexcan_irq.o
LOAD ./SDK/platform/drivers/src/flexcan/flexcan_hw_access.o
LOAD ./SDK/platform/drivers/src/flexcan/flexcan_driver.o
LOAD ./SDK/platform/drivers/src/flash/flash_driver.o
LOAD ./SDK/platform/drivers/src/edma/edma_irq.o
LOAD ./SDK/platform/drivers/src/edma/edma_hw_access.o
LOAD ./SDK/platform/drivers/src/edma/edma_driver.o
LOAD ./SDK/platform/drivers/src/clock/clock_manager.o
LOAD ./SDK/platform/drivers/src/clock/S32K1xx/clock_S32K1xx.o
LOAD ./SDK/platform/devices/startup.o
LOAD ./SDK/platform/devices/S32K144/startup/system_S32K144.o
LOAD ./Project_Settings/Startup_Code/startup_S32K144.o
LOAD ./Generated_Code/pin_mux.o
LOAD ./Generated_Code/osif1.o
LOAD ./Generated_Code/flash1.o
LOAD ./Generated_Code/dmaController1.o
LOAD ./Generated_Code/clockMan1.o
LOAD ./Generated_Code/canCom1.o
LOAD ./Generated_Code/Cpu.o
START GROUP
LOAD C:/NXP/S32DS_ARM_v2.0/S32DS/arm_ewl2/lib/armv7e-m\libc99.a
LOAD C:/NXP/S32DS_ARM_v2.0/S32DS/arm_ewl2/lib/armv7e-m\libm.a
LOAD c:/nxp/s32ds_arm_v2.0/cross_tools/gcc-arm-none-eabi-4_9/bin/../lib/gcc/arm-none-eabi/4.9.3/armv7e-m\libgcc.a
LOAD C:/NXP/S32DS_ARM_v2.0/S32DS/arm_ewl2/lib/armv7e-m\librt.a
END GROUP
LOAD C:/NXP/S32DS_ARM_v2.0/S32DS/arm_ewl2/lib/armv7e-m/__arm_end.o
                0x00000400                HEAP_SIZE = DEFINED (__heap_size__)?__heap_size__:0x400
                0x00000400                STACK_SIZE = DEFINED (__stack_size__)?__stack_size__:0x400
                0x00000400                M_VECTOR_RAM_SIZE = DEFINED (__flash_vector_table__)?0x0:0x400

.interrupts     0x00000000      0x400
                0x00000000                __VECTOR_TABLE = .
                0x00000000                . = ALIGN (0x4)
 *(.isr_vector)
 .isr_vector    0x00000000      0x400 ./Project_Settings/Startup_Code/startup_S32K144.o
                0x00000000                __isr_vector
                0x00000400                . = ALIGN (0x4)

.flash_config   0x00000400       0x10
                0x00000400                . = ALIGN (0x4)
 *(.FlashConfig)
 .FlashConfig   0x00000400       0x10 ./Project_Settings/Startup_Code/startup_S32K144.o
                0x00000410                . = ALIGN (0x4)

.text           0x00000410     0x4f48
                0x00000410                . = ALIGN (0x4)
 *(.text)
 .text          0x00000410       0x44 ./Project_Settings/Startup_Code/startup_S32K144.o
                0x00000410                Reset_Handler
                0x00000450                DebugMon_Handler
                0x00000450                Reserved88_IRQHandler
                0x00000450                HardFault_Handler
                0x00000450                Reserved86_IRQHandler
                0x00000450                Reserved103_IRQHandler
                0x00000450                FTM2_Ovf_Reload_IRQHandler
                0x00000450                Reserved50_IRQHandler
                0x00000450                FTFC_Fault_IRQHandler
                0x00000450                FTM0_Ch6_Ch7_IRQHandler
                0x00000450                Reserved114_IRQHandler
                0x00000450                PendSV_Handler
                0x00000450                NMI_Handler
                0x00000450                Reserved89_IRQHandler
                0x00000450                ERM_double_fault_IRQHandler
                0x00000450                Reserved59_IRQHandler
                0x00000450                LPIT0_Ch0_IRQHandler
                0x00000450                Reserved99_IRQHandler
                0x00000450                FTM3_Ch6_Ch7_IRQHandler
                0x00000450                LPIT0_Ch3_IRQHandler
                0x00000450                Reserved92_IRQHandler
                0x00000450                FTM0_Ch4_Ch5_IRQHandler
                0x00000450                FTM3_Ch0_Ch1_IRQHandler
                0x00000450                SWI_IRQHandler
                0x00000450                ADC0_IRQHandler
                0x00000450                FTM2_Ch4_Ch5_IRQHandler
                0x00000450                UsageFault_Handler
                0x00000450                FTM0_Ovf_Reload_IRQHandler
                0x00000450                DefaultISR
                0x00000450                Reserved58_IRQHandler
                0x00000450                FTM1_Ch2_Ch3_IRQHandler
                0x00000450                Reserved82_IRQHandler
                0x00000450                LPI2C0_Slave_IRQHandler
                0x00000450                Reserved71_IRQHandler
                0x00000450                PORTD_IRQHandler
                0x00000450                Reserved69_IRQHandler
                0x00000450                PORTB_IRQHandler
                0x00000450                Reserved70_IRQHandler
                0x00000450                ADC1_IRQHandler
                0x00000450                FTM2_Ch2_Ch3_IRQHandler
                0x00000450                Reserved53_IRQHandler
                0x00000450                RTC_IRQHandler
                0x00000450                PDB0_IRQHandler
                0x00000450                Reserved54_IRQHandler
                0x00000450                FTM2_Ch6_Ch7_IRQHandler
                0x00000450                FTM3_Ch2_Ch3_IRQHandler
                0x00000450                FTM2_Ch0_Ch1_IRQHandler
                0x00000450                LPSPI1_IRQHandler
                0x00000450                LPUART1_RxTx_IRQHandler
                0x00000450                RTC_Seconds_IRQHandler
                0x00000450                Reserved72_IRQHandler
                0x00000450                Reserved110_IRQHandler
                0x00000450                Reserved107_IRQHandler
                0x00000450                Read_Collision_IRQHandler
                0x00000450                FTFC_IRQHandler
                0x00000450                FTM1_Ch6_Ch7_IRQHandler
                0x00000450                Reserved105_IRQHandler
                0x00000450                LPIT0_Ch1_IRQHandler
                0x00000450                FTM1_Ch4_Ch5_IRQHandler
                0x00000450                FTM3_Ovf_Reload_IRQHandler
                0x00000450                LPUART2_RxTx_IRQHandler
                0x00000450                LPSPI0_IRQHandler
                0x00000450                WDOG_EWM_IRQHandler
                0x00000450                MemManage_Handler
                0x00000450                Reserved90_IRQHandler
                0x00000450                Reserved83_IRQHandler
                0x00000450                FTM0_Fault_IRQHandler
                0x00000450                Reserved48_IRQHandler
                0x00000450                SVC_Handler
                0x00000450                ERM_single_fault_IRQHandler
                0x00000450                FTM2_Fault_IRQHandler
                0x00000450                FTM0_Ch2_Ch3_IRQHandler
                0x00000450                FTM0_Ch0_Ch1_IRQHandler
                0x00000450                FTM3_Fault_IRQHandler
                0x00000450                RCM_IRQHandler
                0x00000450                Reserved100_IRQHandler
                0x00000450                Reserved91_IRQHandler
                0x00000450                SCG_IRQHandler
                0x00000450                PDB1_IRQHandler
                0x00000450                Reserved81_IRQHandler
                0x00000450                Reserved46_IRQHandler
                0x00000450                Reserved45_IRQHandler
                0x00000450                Reserved112_IRQHandler
                0x00000450                LPI2C0_Master_IRQHandler
                0x00000450                FTM1_Fault_IRQHandler
                0x00000450                Reserved106_IRQHandler
                0x00000450                LVD_LVW_IRQHandler
                0x00000450                LPIT0_Ch2_IRQHandler
                0x00000450                PORTA_IRQHandler
                0x00000450                MCM_IRQHandler
                0x00000450                LPSPI2_IRQHandler
                0x00000450                FTM3_Ch4_Ch5_IRQHandler
                0x00000450                PORTE_IRQHandler
                0x00000450                LPUART0_RxTx_IRQHandler
                0x00000450                LPTMR0_IRQHandler
                0x00000450                BusFault_Handler
                0x00000450                Reserved87_IRQHandler
                0x00000450                FTM1_Ovf_Reload_IRQHandler
                0x00000450                Reserved93_IRQHandler
                0x00000450                CMP0_IRQHandler
                0x00000450                Reserved52_IRQHandler
                0x00000450                PORTC_IRQHandler
                0x00000450                FTM1_Ch0_Ch1_IRQHandler
                0x00000450                FLEXIO_IRQHandler
                0x00000450                Reserved113_IRQHandler
 *(.text*)
 .text.GPIOInit
                0x00000454       0x28 ./Sources/main.o
                0x00000454                GPIOInit
 .text.checkCheckSum
                0x0000047c       0x60 ./Sources/main.o
                0x0000047c                checkCheckSum
 .text.hexAnalysAndWriteToMemory
                0x000004dc      0x128 ./Sources/main.o
                0x000004dc                hexAnalysAndWriteToMemory
 .text.writeDataToDFlash
                0x00000604       0x44 ./Sources/main.o
                0x00000604                writeDataToDFlash
 .text.writeDataToAppCurent
                0x00000648       0x5c ./Sources/main.o
                0x00000648                writeDataToAppCurent
 .text.deleteData
                0x000006a4       0x40 ./Sources/main.o
                0x000006a4                deleteData
 .text.readFlag
                0x000006e4       0x24 ./Sources/main.o
                0x000006e4                readFlag
 .text.IsDowloadSuccess
                0x00000708       0x50 ./Sources/main.o
                0x00000708                IsDowloadSuccess
 .text.IsUpdateSuccess
                0x00000758       0x44 ./Sources/main.o
                0x00000758                IsUpdateSuccess
 .text.Jump_To_Application
                0x0000079c       0x3c ./Sources/main.o
                0x0000079c                Jump_To_Application
 .text.bootloader_main
                0x000007d8       0xf8 ./Sources/main.o
                0x000007d8                bootloader_main
 .text.main     0x000008d0      0x108 ./Sources/main.o
                0x000008d0                main
 .text.CCIF_Handler
                0x000009d8       0x24 ./Sources/main.o
                0x000009d8                CCIF_Handler
 .text.can0_Callback
                0x000009fc       0x6c ./Sources/CAN_standard.o
                0x000009fc                can0_Callback
 .text.SendCANData
                0x00000a68       0x60 ./Sources/CAN_standard.o
                0x00000a68                SendCANData
 .text.CANInit  0x00000ac8       0x50 ./Sources/CAN_standard.o
                0x00000ac8                CANInit
 .text.implementCode
                0x00000b18       0x54 ./Sources/CAN_standard.o
                0x00000b18                implementCode
 .text.send_flow_control
                0x00000b6c       0x80 ./Sources/CANTP.o
                0x00000b6c                send_flow_control
 .text.receive_single_frame
                0x00000bec       0x70 ./Sources/CANTP.o
                0x00000bec                receive_single_frame
 .text.receive_first_frame
                0x00000c5c      0x1a4 ./Sources/CANTP.o
                0x00000c5c                receive_first_frame
 .text.receive_flow_control
                0x00000e00       0x2c ./Sources/CANTP.o
                0x00000e00                receive_flow_control
 .text.receive_consecutive_frame
                0x00000e2c       0x84 ./Sources/CANTP.o
                0x00000e2c                receive_consecutive_frame
 .text.can_message
                0x00000eb0      0x190 ./Sources/CANTP.o
                0x00000eb0                can_message
 .text.osif_Tick
                0x00001040       0x1c ./SDK/rtos/osif/osif_baremetal.o
 .text.SysTick_Handler
                0x0000105c        0xc ./SDK/rtos/osif/osif_baremetal.o
                0x0000105c                SysTick_Handler
 .text.osif_DisableIrqGlobal
                0x00001068        0xc ./SDK/rtos/osif/osif_baremetal.o
 .text.osif_EnableIrqGlobal
                0x00001074        0xc ./SDK/rtos/osif/osif_baremetal.o
 .text.OSIF_SemaPost
                0x00001080       0x3c ./SDK/rtos/osif/osif_baremetal.o
                0x00001080                OSIF_SemaPost
 .text.OSIF_SemaCreate
                0x000010bc       0x24 ./SDK/rtos/osif/osif_baremetal.o
                0x000010bc                OSIF_SemaCreate
 .text.OSIF_SemaDestroy
                0x000010e0       0x18 ./SDK/rtos/osif/osif_baremetal.o
                0x000010e0                OSIF_SemaDestroy
 .text.PINS_Init
                0x000010f8      0x14c ./SDK/platform/drivers/src/pins/pins_port_hw_access.o
                0x000010f8                PINS_Init
 .text.PINS_GPIO_SetPinsDirection
                0x00001244       0x1c ./SDK/platform/drivers/src/pins/pins_driver.o
 .text.PINS_GPIO_SetPins
                0x00001260       0x1c ./SDK/platform/drivers/src/pins/pins_driver.o
 .text.PINS_GPIO_ClearPins
                0x0000127c       0x1c ./SDK/platform/drivers/src/pins/pins_driver.o
 .text.PINS_GPIO_TogglePins
                0x00001298       0x1c ./SDK/platform/drivers/src/pins/pins_driver.o
 .text.PINS_DRV_Init
                0x000012b4       0x50 ./SDK/platform/drivers/src/pins/pins_driver.o
                0x000012b4                PINS_DRV_Init
 .text.PINS_DRV_SetPinsDirection
                0x00001304       0x18 ./SDK/platform/drivers/src/pins/pins_driver.o
                0x00001304                PINS_DRV_SetPinsDirection
 .text.PINS_DRV_SetPins
                0x0000131c       0x18 ./SDK/platform/drivers/src/pins/pins_driver.o
                0x0000131c                PINS_DRV_SetPins
 .text.PINS_DRV_ClearPins
                0x00001334       0x18 ./SDK/platform/drivers/src/pins/pins_driver.o
                0x00001334                PINS_DRV_ClearPins
 .text.PINS_DRV_TogglePins
                0x0000134c       0x18 ./SDK/platform/drivers/src/pins/pins_driver.o
                0x0000134c                PINS_DRV_TogglePins
 .text.INT_SYS_InstallHandler
                0x00001364       0x44 ./SDK/platform/drivers/src/interrupt/interrupt_manager.o
                0x00001364                INT_SYS_InstallHandler
 .text.INT_SYS_EnableIRQ
                0x000013a8       0x30 ./SDK/platform/drivers/src/interrupt/interrupt_manager.o
                0x000013a8                INT_SYS_EnableIRQ
 .text.INT_SYS_EnableIRQGlobal
                0x000013d8       0x2c ./SDK/platform/drivers/src/interrupt/interrupt_manager.o
                0x000013d8                INT_SYS_EnableIRQGlobal
 .text.INT_SYS_DisableIRQGlobal
                0x00001404       0x1c ./SDK/platform/drivers/src/interrupt/interrupt_manager.o
                0x00001404                INT_SYS_DisableIRQGlobal
 .text.CAN0_ORed_IRQHandler
                0x00001420        0xc ./SDK/platform/drivers/src/flexcan/flexcan_irq.o
                0x00001420                CAN0_ORed_IRQHandler
 .text.CAN0_Error_IRQHandler
                0x0000142c        0xc ./SDK/platform/drivers/src/flexcan/flexcan_irq.o
                0x0000142c                CAN0_Error_IRQHandler
 .text.CAN0_Wake_Up_IRQHandler
                0x00001438        0xc ./SDK/platform/drivers/src/flexcan/flexcan_irq.o
                0x00001438                CAN0_Wake_Up_IRQHandler
 .text.CAN0_ORed_0_15_MB_IRQHandler
                0x00001444        0xc ./SDK/platform/drivers/src/flexcan/flexcan_irq.o
                0x00001444                CAN0_ORed_0_15_MB_IRQHandler
 .text.CAN0_ORed_16_31_MB_IRQHandler
                0x00001450        0xc ./SDK/platform/drivers/src/flexcan/flexcan_irq.o
                0x00001450                CAN0_ORed_16_31_MB_IRQHandler
 .text.CAN1_ORed_IRQHandler
                0x0000145c        0xc ./SDK/platform/drivers/src/flexcan/flexcan_irq.o
                0x0000145c                CAN1_ORed_IRQHandler
 .text.CAN1_Error_IRQHandler
                0x00001468        0xc ./SDK/platform/drivers/src/flexcan/flexcan_irq.o
                0x00001468                CAN1_Error_IRQHandler
 .text.CAN1_ORed_0_15_MB_IRQHandler
                0x00001474        0xc ./SDK/platform/drivers/src/flexcan/flexcan_irq.o
                0x00001474                CAN1_ORed_0_15_MB_IRQHandler
 .text.CAN2_ORed_IRQHandler
                0x00001480        0xc ./SDK/platform/drivers/src/flexcan/flexcan_irq.o
                0x00001480                CAN2_ORed_IRQHandler
 .text.CAN2_Error_IRQHandler
                0x0000148c        0xc ./SDK/platform/drivers/src/flexcan/flexcan_irq.o
                0x0000148c                CAN2_Error_IRQHandler
 .text.CAN2_ORed_0_15_MB_IRQHandler
                0x00001498        0xc ./SDK/platform/drivers/src/flexcan/flexcan_irq.o
                0x00001498                CAN2_ORed_0_15_MB_IRQHandler
 .text.FLEXCAN_IsFDEnabled
                0x000014a4       0x28 ./SDK/platform/drivers/src/flexcan/flexcan_hw_access.o
 .text.FLEXCAN_IsRxFifoEnabled
                0x000014cc       0x28 ./SDK/platform/drivers/src/flexcan/flexcan_hw_access.o
 .text.RxFifoOcuppiedLastMsgBuff
                0x000014f4       0x20 ./SDK/platform/drivers/src/flexcan/flexcan_hw_access.o
 .text.FLEXCAN_GetMsgBuffRegion
                0x00001514       0x6c ./SDK/platform/drivers/src/flexcan/flexcan_hw_access.o
 .text.FLEXCAN_ComputeDLCValue
                0x00001580       0xa8 ./SDK/platform/drivers/src/flexcan/flexcan_hw_access.o
 .text.FLEXCAN_ComputePayloadSize
                0x00001628       0x80 ./SDK/platform/drivers/src/flexcan/flexcan_hw_access.o
 .text.FLEXCAN_MaxMbRAMSize
                0x000016a8       0x74 ./SDK/platform/drivers/src/flexcan/flexcan_hw_access.o
 .text.FLEXCAN_ClearRAM
                0x0000171c       0x68 ./SDK/platform/drivers/src/flexcan/flexcan_hw_access.o
 .text.FLEXCAN_Enable
                0x00001784       0x54 ./SDK/platform/drivers/src/flexcan/flexcan_hw_access.o
                0x00001784                FLEXCAN_Enable
 .text.FLEXCAN_Disable
                0x000017d8       0x38 ./SDK/platform/drivers/src/flexcan/flexcan_hw_access.o
                0x000017d8                FLEXCAN_Disable
 .text.FLEXCAN_Init
                0x00001810       0x58 ./SDK/platform/drivers/src/flexcan/flexcan_hw_access.o
                0x00001810                FLEXCAN_Init
 .text.FLEXCAN_SetTxMsgBuff
                0x00001868      0x24c ./SDK/platform/drivers/src/flexcan/flexcan_hw_access.o
                0x00001868                FLEXCAN_SetTxMsgBuff
 .text.FLEXCAN_SetRxMsgBuff
                0x00001ab4      0x124 ./SDK/platform/drivers/src/flexcan/flexcan_hw_access.o
                0x00001ab4                FLEXCAN_SetRxMsgBuff
 .text.FLEXCAN_GetMsgBuff
                0x00001bd8      0x14c ./SDK/platform/drivers/src/flexcan/flexcan_hw_access.o
                0x00001bd8                FLEXCAN_GetMsgBuff
 .text.FLEXCAN_LockRxMsgBuff
                0x00001d24       0x40 ./SDK/platform/drivers/src/flexcan/flexcan_hw_access.o
                0x00001d24                FLEXCAN_LockRxMsgBuff
 .text.FLEXCAN_EnableRxFifo
                0x00001d64       0x7c ./SDK/platform/drivers/src/flexcan/flexcan_hw_access.o
                0x00001d64                FLEXCAN_EnableRxFifo
 .text.FLEXCAN_SetMaxMsgBuffNum
                0x00001de0       0xc4 ./SDK/platform/drivers/src/flexcan/flexcan_hw_access.o
                0x00001de0                FLEXCAN_SetMaxMsgBuffNum
 .text.FLEXCAN_SetMsgBuffIntCmd
                0x00001ea4       0x70 ./SDK/platform/drivers/src/flexcan/flexcan_hw_access.o
                0x00001ea4                FLEXCAN_SetMsgBuffIntCmd
 .text.FLEXCAN_SetErrIntCmd
                0x00001f14       0x5c ./SDK/platform/drivers/src/flexcan/flexcan_hw_access.o
                0x00001f14                FLEXCAN_SetErrIntCmd
 .text.FLEXCAN_ExitFreezeMode
                0x00001f70       0x3c ./SDK/platform/drivers/src/flexcan/flexcan_hw_access.o
                0x00001f70                FLEXCAN_ExitFreezeMode
 .text.FLEXCAN_EnterFreezeMode
                0x00001fac       0x3c ./SDK/platform/drivers/src/flexcan/flexcan_hw_access.o
                0x00001fac                FLEXCAN_EnterFreezeMode
 .text.FLEXCAN_ClearErrIntStatusFlag
                0x00001fe8       0x28 ./SDK/platform/drivers/src/flexcan/flexcan_hw_access.o
                0x00001fe8                FLEXCAN_ClearErrIntStatusFlag
 .text.FLEXCAN_ReadRxFifo
                0x00002010       0xa4 ./SDK/platform/drivers/src/flexcan/flexcan_hw_access.o
                0x00002010                FLEXCAN_ReadRxFifo
 .text.FLEXCAN_SetOperationMode
                0x000020b4       0x94 ./SDK/platform/drivers/src/flexcan/flexcan_hw_access.o
                0x000020b4                FLEXCAN_SetOperationMode
 .text.FLEXCAN_SetPayloadSize
                0x00002148       0x40 ./SDK/platform/drivers/src/flexcan/flexcan_hw_access.o
                0x00002148                FLEXCAN_SetPayloadSize
 .text.FLEXCAN_GetPayloadSize
                0x00002188       0x44 ./SDK/platform/drivers/src/flexcan/flexcan_hw_access.o
                0x00002188                FLEXCAN_GetPayloadSize
 .text.FLEXCAN_SelectClock
                0x000021cc       0x2c ./SDK/platform/drivers/src/flexcan/flexcan_driver.o
 .text.FLEXCAN_SetTimeSegments
                0x000021f8       0x60 ./SDK/platform/drivers/src/flexcan/flexcan_driver.o
 .text.FLEXCAN_SetExtendedTimeSegments
                0x00002258       0x64 ./SDK/platform/drivers/src/flexcan/flexcan_driver.o
 .text.FLEXCAN_SetFDTimeSegments
                0x000022bc       0x70 ./SDK/platform/drivers/src/flexcan/flexcan_driver.o
 .text.FLEXCAN_SetFDEnabled
                0x0000232c       0x4c ./SDK/platform/drivers/src/flexcan/flexcan_driver.o
 .text.FLEXCAN_IsFDEnabled
                0x00002378       0x28 ./SDK/platform/drivers/src/flexcan/flexcan_driver.o
 .text.FLEXCAN_UnlockRxMsgBuff
                0x000023a0       0x18 ./SDK/platform/drivers/src/flexcan/flexcan_driver.o
 .text.FLEXCAN_IsRxFifoEnabled
                0x000023b8       0x28 ./SDK/platform/drivers/src/flexcan/flexcan_driver.o
 .text.FLEXCAN_GetMsgBuffIntStatusFlag
                0x000023e0       0x44 ./SDK/platform/drivers/src/flexcan/flexcan_driver.o
 .text.FLEXCAN_ClearMsgBuffIntStatusFlag
                0x00002424       0x30 ./SDK/platform/drivers/src/flexcan/flexcan_driver.o
 .text.FLEXCAN_SetStuffBitCount
                0x00002454       0x34 ./SDK/platform/drivers/src/flexcan/flexcan_driver.o
 .text.FLEXCAN_SetSelfReception
                0x00002488       0x34 ./SDK/platform/drivers/src/flexcan/flexcan_driver.o
 .text.FLEXCAN_SetRxFifoDMA
                0x000024bc       0x34 ./SDK/platform/drivers/src/flexcan/flexcan_driver.o
 .text.FLEXCAN_DRV_Init
                0x000024f0      0x29c ./SDK/platform/drivers/src/flexcan/flexcan_driver.o
                0x000024f0                FLEXCAN_DRV_Init
 .text.FLEXCAN_DRV_ConfigTxMb
                0x0000278c       0x5c ./SDK/platform/drivers/src/flexcan/flexcan_driver.o
                0x0000278c                FLEXCAN_DRV_ConfigTxMb
 .text.FLEXCAN_DRV_Send
                0x000027e8       0x68 ./SDK/platform/drivers/src/flexcan/flexcan_driver.o
                0x000027e8                FLEXCAN_DRV_Send
 .text.FLEXCAN_DRV_ConfigRxMb
                0x00002850       0x9c ./SDK/platform/drivers/src/flexcan/flexcan_driver.o
                0x00002850                FLEXCAN_DRV_ConfigRxMb
 .text.FLEXCAN_DRV_Receive
                0x000028ec       0x30 ./SDK/platform/drivers/src/flexcan/flexcan_driver.o
                0x000028ec                FLEXCAN_DRV_Receive
 .text.FLEXCAN_IRQHandler
                0x0000291c      0x1d4 ./SDK/platform/drivers/src/flexcan/flexcan_driver.o
                0x0000291c                FLEXCAN_IRQHandler
 .text.FLEXCAN_WakeUpHandler
                0x00002af0       0x94 ./SDK/platform/drivers/src/flexcan/flexcan_driver.o
                0x00002af0                FLEXCAN_WakeUpHandler
 .text.FLEXCAN_StartSendData
                0x00002b84       0xd4 ./SDK/platform/drivers/src/flexcan/flexcan_driver.o
 .text.FLEXCAN_StartRxMessageBufferData
                0x00002c58       0xa4 ./SDK/platform/drivers/src/flexcan/flexcan_driver.o
 .text.FLEXCAN_CompleteTransfer
                0x00002cfc       0x70 ./SDK/platform/drivers/src/flexcan/flexcan_driver.o
 .text.FLEXCAN_CompleteRxMessageFifoData
                0x00002d6c       0xdc ./SDK/platform/drivers/src/flexcan/flexcan_driver.o
 .text.FLEXCAN_DRV_InstallEventCallback
                0x00002e48       0x38 ./SDK/platform/drivers/src/flexcan/flexcan_driver.o
                0x00002e48                FLEXCAN_DRV_InstallEventCallback
 .text.FLASH_DRV_GetDEPartitionCode
                0x00002e80      0x110 ./SDK/platform/drivers/src/flash/flash_driver.o
 .text.FLASH_DRV_Init
                0x00002f90       0x74 ./SDK/platform/drivers/src/flash/flash_driver.o
                0x00002f90                FLASH_DRV_Init
 .text.FLASH_DRV_EraseSector
                0x00003004      0x100 ./SDK/platform/drivers/src/flash/flash_driver.o
                0x00003004                FLASH_DRV_EraseSector
 .text.FLASH_DRV_VerifySection
                0x00003104       0xe4 ./SDK/platform/drivers/src/flash/flash_driver.o
                0x00003104                FLASH_DRV_VerifySection
 .text.FLASH_DRV_Program
                0x000031e8      0x114 ./SDK/platform/drivers/src/flash/flash_driver.o
                0x000031e8                FLASH_DRV_Program
 .text.FLASH_DRV_ProgramCheck
                0x000032fc      0x14c ./SDK/platform/drivers/src/flash/flash_driver.o
                0x000032fc                FLASH_DRV_ProgramCheck
 .text.DMA0_IRQHandler
                0x00003448        0xc ./SDK/platform/drivers/src/edma/edma_irq.o
                0x00003448                DMA0_IRQHandler
 .text.DMA1_IRQHandler
                0x00003454        0xc ./SDK/platform/drivers/src/edma/edma_irq.o
                0x00003454                DMA1_IRQHandler
 .text.DMA2_IRQHandler
                0x00003460        0xc ./SDK/platform/drivers/src/edma/edma_irq.o
                0x00003460                DMA2_IRQHandler
 .text.DMA3_IRQHandler
                0x0000346c        0xc ./SDK/platform/drivers/src/edma/edma_irq.o
                0x0000346c                DMA3_IRQHandler
 .text.DMA4_IRQHandler
                0x00003478        0xc ./SDK/platform/drivers/src/edma/edma_irq.o
                0x00003478                DMA4_IRQHandler
 .text.DMA5_IRQHandler
                0x00003484        0xc ./SDK/platform/drivers/src/edma/edma_irq.o
                0x00003484                DMA5_IRQHandler
 .text.DMA6_IRQHandler
                0x00003490        0xc ./SDK/platform/drivers/src/edma/edma_irq.o
                0x00003490                DMA6_IRQHandler
 .text.DMA7_IRQHandler
                0x0000349c        0xc ./SDK/platform/drivers/src/edma/edma_irq.o
                0x0000349c                DMA7_IRQHandler
 .text.DMA8_IRQHandler
                0x000034a8        0xc ./SDK/platform/drivers/src/edma/edma_irq.o
                0x000034a8                DMA8_IRQHandler
 .text.DMA9_IRQHandler
                0x000034b4        0xc ./SDK/platform/drivers/src/edma/edma_irq.o
                0x000034b4                DMA9_IRQHandler
 .text.DMA10_IRQHandler
                0x000034c0        0xc ./SDK/platform/drivers/src/edma/edma_irq.o
                0x000034c0                DMA10_IRQHandler
 .text.DMA11_IRQHandler
                0x000034cc        0xc ./SDK/platform/drivers/src/edma/edma_irq.o
                0x000034cc                DMA11_IRQHandler
 .text.DMA12_IRQHandler
                0x000034d8        0xc ./SDK/platform/drivers/src/edma/edma_irq.o
                0x000034d8                DMA12_IRQHandler
 .text.DMA13_IRQHandler
                0x000034e4        0xc ./SDK/platform/drivers/src/edma/edma_irq.o
                0x000034e4                DMA13_IRQHandler
 .text.DMA14_IRQHandler
                0x000034f0        0xc ./SDK/platform/drivers/src/edma/edma_irq.o
                0x000034f0                DMA14_IRQHandler
 .text.DMA15_IRQHandler
                0x000034fc        0xc ./SDK/platform/drivers/src/edma/edma_irq.o
                0x000034fc                DMA15_IRQHandler
 .text.DMA_Error_IRQHandler
                0x00003508        0xc ./SDK/platform/drivers/src/edma/edma_irq.o
                0x00003508                DMA_Error_IRQHandler
 .text.EDMA_SetDmaRequestCmd
                0x00003514       0x30 ./SDK/platform/drivers/src/edma/edma_hw_access.o
                0x00003514                EDMA_SetDmaRequestCmd
 .text.EDMA_SetHaltCmd
                0x00003544       0x3c ./SDK/platform/drivers/src/edma/edma_driver.o
 .text.EDMA_GetErrorIntStatusFlag
                0x00003580       0x18 ./SDK/platform/drivers/src/edma/edma_driver.o
 .text.EDMA_ClearErrorIntStatusFlag
                0x00003598       0x1c ./SDK/platform/drivers/src/edma/edma_driver.o
 .text.EDMA_ClearDoneStatusFlag
                0x000035b4       0x1c ./SDK/platform/drivers/src/edma/edma_driver.o
 .text.EDMA_ClearIntStatusFlag
                0x000035d0       0x1c ./SDK/platform/drivers/src/edma/edma_driver.o
 .text.EDMA_DRV_ClearIntStatus
                0x000035ec       0x2c ./SDK/platform/drivers/src/edma/edma_driver.o
 .text.EDMA_DRV_IRQHandler
                0x00003618       0x4c ./SDK/platform/drivers/src/edma/edma_driver.o
                0x00003618                EDMA_DRV_IRQHandler
 .text.EDMA_DRV_ErrorIRQHandler
                0x00003664       0xa4 ./SDK/platform/drivers/src/edma/edma_driver.o
                0x00003664                EDMA_DRV_ErrorIRQHandler
 .text.EDMA_DRV_StopChannel
                0x00003708       0x28 ./SDK/platform/drivers/src/edma/edma_driver.o
                0x00003708                EDMA_DRV_StopChannel
 .text.CLOCK_SYS_Init
                0x00003730       0x44 ./SDK/platform/drivers/src/clock/clock_manager.o
                0x00003730                CLOCK_SYS_Init
 .text.CLOCK_SYS_UpdateConfiguration
                0x00003774      0x17c ./SDK/platform/drivers/src/clock/clock_manager.o
                0x00003774                CLOCK_SYS_UpdateConfiguration
 .text.SIM_SetLpoClocks
                0x000038f0       0x70 ./SDK/platform/drivers/src/clock/S32K1xx/clock_S32K1xx.o
 .text.SIM_SetEimClockGate
                0x00003960       0x3c ./SDK/platform/drivers/src/clock/S32K1xx/clock_S32K1xx.o
 .text.SIM_SetErmClockGate
                0x0000399c       0x3c ./SDK/platform/drivers/src/clock/S32K1xx/clock_S32K1xx.o
 .text.SIM_SetDmaClockGate
                0x000039d8       0x3c ./SDK/platform/drivers/src/clock/S32K1xx/clock_S32K1xx.o
 .text.SIM_SetMpuClockGate
                0x00003a14       0x3c ./SDK/platform/drivers/src/clock/S32K1xx/clock_S32K1xx.o
 .text.SIM_SetMscmClockGate
                0x00003a50       0x3c ./SDK/platform/drivers/src/clock/S32K1xx/clock_S32K1xx.o
 .text.SIM_SetClockout
                0x00003a8c       0x5c ./SDK/platform/drivers/src/clock/S32K1xx/clock_S32K1xx.o
 .text.SIM_SetTraceClockSource
                0x00003ae8       0x38 ./SDK/platform/drivers/src/clock/S32K1xx/clock_S32K1xx.o
 .text.SIM_ClearTraceClockConfig
                0x00003b20       0x1c ./SDK/platform/drivers/src/clock/S32K1xx/clock_S32K1xx.o
 .text.SIM_SetTraceClockConfig
                0x00003b3c       0x40 ./SDK/platform/drivers/src/clock/S32K1xx/clock_S32K1xx.o
 .text.SCG_GetCurrentSystemClockSource
                0x00003b7c       0x20 ./SDK/platform/drivers/src/clock/S32K1xx/clock_S32K1xx.o
 .text.SCG_SetRunClockControl
                0x00003b9c       0x44 ./SDK/platform/drivers/src/clock/S32K1xx/clock_S32K1xx.o
 .text.SCG_SetVlprClockControl
                0x00003be0       0x44 ./SDK/platform/drivers/src/clock/S32K1xx/clock_S32K1xx.o
 .text.SCG_SetHsrunClockControl
                0x00003c24       0x44 ./SDK/platform/drivers/src/clock/S32K1xx/clock_S32K1xx.o
 .text.SCG_SetFircAsyncConfig
                0x00003c68       0x30 ./SDK/platform/drivers/src/clock/S32K1xx/clock_S32K1xx.o
 .text.SCG_SetSircAsyncConfig
                0x00003c98       0x30 ./SDK/platform/drivers/src/clock/S32K1xx/clock_S32K1xx.o
 .text.SCG_SetSoscAsyncConfig
                0x00003cc8       0x30 ./SDK/platform/drivers/src/clock/S32K1xx/clock_S32K1xx.o
 .text.SCG_SetSpllAsyncConfig
                0x00003cf8       0x30 ./SDK/platform/drivers/src/clock/S32K1xx/clock_S32K1xx.o
 .text.SCG_SetClockoutSourceSel
                0x00003d28       0x38 ./SDK/platform/drivers/src/clock/S32K1xx/clock_S32K1xx.o
 .text.SCG_GetSircSystemClockMode
                0x00003d60       0x34 ./SDK/platform/drivers/src/clock/S32K1xx/clock_S32K1xx.o
 .text.SCG_GetSircStatus
                0x00003d94       0x2c ./SDK/platform/drivers/src/clock/S32K1xx/clock_S32K1xx.o
 .text.SCG_GetSircRange
                0x00003dc0       0x20 ./SDK/platform/drivers/src/clock/S32K1xx/clock_S32K1xx.o
 .text.SCG_ClearSircLock
                0x00003de0       0x24 ./SDK/platform/drivers/src/clock/S32K1xx/clock_S32K1xx.o
 .text.SCG_ClearSircControl
                0x00003e04       0x1c ./SDK/platform/drivers/src/clock/S32K1xx/clock_S32K1xx.o
 .text.SCG_SetSircConfiguration
                0x00003e20       0x24 ./SDK/platform/drivers/src/clock/S32K1xx/clock_S32K1xx.o
 .text.SCG_SetSircControl
                0x00003e44       0x58 ./SDK/platform/drivers/src/clock/S32K1xx/clock_S32K1xx.o
 .text.SCG_GetFircSystemClockMode
                0x00003e9c       0x34 ./SDK/platform/drivers/src/clock/S32K1xx/clock_S32K1xx.o
 .text.SCG_GetFircStatus
                0x00003ed0       0x2c ./SDK/platform/drivers/src/clock/S32K1xx/clock_S32K1xx.o
 .text.SCG_GetFircRange
                0x00003efc       0x20 ./SDK/platform/drivers/src/clock/S32K1xx/clock_S32K1xx.o
 .text.SCG_ClearFircLock
                0x00003f1c       0x24 ./SDK/platform/drivers/src/clock/S32K1xx/clock_S32K1xx.o
 .text.SCG_ClearFircControl
                0x00003f40       0x1c ./SDK/platform/drivers/src/clock/S32K1xx/clock_S32K1xx.o
 .text.SCG_SetFircConfiguration
                0x00003f5c       0x24 ./SDK/platform/drivers/src/clock/S32K1xx/clock_S32K1xx.o
 .text.SCG_SetFircControl
                0x00003f80       0x40 ./SDK/platform/drivers/src/clock/S32K1xx/clock_S32K1xx.o
 .text.SCG_GetSoscSystemClockMode
                0x00003fc0       0x34 ./SDK/platform/drivers/src/clock/S32K1xx/clock_S32K1xx.o
 .text.SCG_GetSoscStatus
                0x00003ff4       0x2c ./SDK/platform/drivers/src/clock/S32K1xx/clock_S32K1xx.o
 .text.SCG_ClearSoscLock
                0x00004020       0x24 ./SDK/platform/drivers/src/clock/S32K1xx/clock_S32K1xx.o
 .text.SCG_ClearSoscControl
                0x00004044       0x1c ./SDK/platform/drivers/src/clock/S32K1xx/clock_S32K1xx.o
 .text.SCG_SetSoscConfiguration
                0x00004060       0x3c ./SDK/platform/drivers/src/clock/S32K1xx/clock_S32K1xx.o
 .text.SCG_SetSoscControl
                0x0000409c       0x5c ./SDK/platform/drivers/src/clock/S32K1xx/clock_S32K1xx.o
 .text.SCG_GetSpllSystemClockMode
                0x000040f8       0x34 ./SDK/platform/drivers/src/clock/S32K1xx/clock_S32K1xx.o
 .text.SCG_GetSpllStatus
                0x0000412c       0x2c ./SDK/platform/drivers/src/clock/S32K1xx/clock_S32K1xx.o
 .text.SCG_GetSpllPredivider
                0x00004158       0x20 ./SDK/platform/drivers/src/clock/S32K1xx/clock_S32K1xx.o
 .text.SCG_GetSpllMultiplier
                0x00004178       0x20 ./SDK/platform/drivers/src/clock/S32K1xx/clock_S32K1xx.o
 .text.SCG_ClearSpllLock
                0x00004198       0x24 ./SDK/platform/drivers/src/clock/S32K1xx/clock_S32K1xx.o
 .text.SCG_ClearSpllControl
                0x000041bc       0x1c ./SDK/platform/drivers/src/clock/S32K1xx/clock_S32K1xx.o
 .text.SCG_SetSpllConfiguration
                0x000041d8       0x34 ./SDK/platform/drivers/src/clock/S32K1xx/clock_S32K1xx.o
 .text.SCG_SetSpllControl
                0x0000420c       0x5c ./SDK/platform/drivers/src/clock/S32K1xx/clock_S32K1xx.o
 .text.PCC_SetPeripheralClockControl
                0x00004268       0x60 ./SDK/platform/drivers/src/clock/S32K1xx/clock_S32K1xx.o
 .text.PCC_SetClockMode
                0x000042c8       0x70 ./SDK/platform/drivers/src/clock/S32K1xx/clock_S32K1xx.o
 .text.PMC_SetLpoMode
                0x00004338       0x3c ./SDK/platform/drivers/src/clock/S32K1xx/clock_S32K1xx.o
 .text.PMC_SetLpoTrimValue
                0x00004374       0x58 ./SDK/platform/drivers/src/clock/S32K1xx/clock_S32K1xx.o
 .text.SMC_GetCurrentRunningMode
                0x000043cc       0x1c ./SDK/platform/drivers/src/clock/S32K1xx/clock_S32K1xx.o
 .text.CLOCK_SYS_SetConfiguration
                0x000043e8       0x44 ./SDK/platform/drivers/src/clock/S32K1xx/clock_S32K1xx.o
                0x000043e8                CLOCK_SYS_SetConfiguration
 .text.CLOCK_SYS_SetScgConfiguration
                0x0000442c       0xb4 ./SDK/platform/drivers/src/clock/S32K1xx/clock_S32K1xx.o
                0x0000442c                CLOCK_SYS_SetScgConfiguration
 .text.CLOCK_SYS_SetPccConfiguration
                0x000044e0       0xb4 ./SDK/platform/drivers/src/clock/S32K1xx/clock_S32K1xx.o
                0x000044e0                CLOCK_SYS_SetPccConfiguration
 .text.CLOCK_SYS_SetSimConfiguration
                0x00004594      0x114 ./SDK/platform/drivers/src/clock/S32K1xx/clock_S32K1xx.o
                0x00004594                CLOCK_SYS_SetSimConfiguration
 .text.CLOCK_SYS_SetPmcConfiguration
                0x000046a8       0x34 ./SDK/platform/drivers/src/clock/S32K1xx/clock_S32K1xx.o
                0x000046a8                CLOCK_SYS_SetPmcConfiguration
 .text.CLOCK_SYS_GetCurrentRunMode
                0x000046dc       0x44 ./SDK/platform/drivers/src/clock/S32K1xx/clock_S32K1xx.o
 .text.CLOCK_SYS_TransitionSystemClock
                0x00004720       0x60 ./SDK/platform/drivers/src/clock/S32K1xx/clock_S32K1xx.o
 .text.CLOCK_SYS_ConfigureSIRC
                0x00004780       0xcc ./SDK/platform/drivers/src/clock/S32K1xx/clock_S32K1xx.o
 .text.CLOCK_SYS_ConfigureFIRC
                0x0000484c       0xd0 ./SDK/platform/drivers/src/clock/S32K1xx/clock_S32K1xx.o
 .text.CLOCK_SYS_ConfigureSOSC
                0x0000491c      0x128 ./SDK/platform/drivers/src/clock/S32K1xx/clock_S32K1xx.o
 .text.CLOCK_SYS_ConfigureSPLL
                0x00004a44      0x120 ./SDK/platform/drivers/src/clock/S32K1xx/clock_S32K1xx.o
 .text.CLOCK_SYS_ConfigureTemporarySystemClock
                0x00004b64       0x5c ./SDK/platform/drivers/src/clock/S32K1xx/clock_S32K1xx.o
 .text.CLOCK_SYS_ConfigureModulesFromScg
                0x00004bc0      0x1ac ./SDK/platform/drivers/src/clock/S32K1xx/clock_S32K1xx.o
 .text.CLOCK_SYS_SetSystemClockConfig
                0x00004d6c      0x1a0 ./SDK/platform/drivers/src/clock/S32K1xx/clock_S32K1xx.o
 .text.CLOCK_SYS_GetSysOscFreq
                0x00004f0c       0x30 ./SDK/platform/drivers/src/clock/S32K1xx/clock_S32K1xx.o
 .text.CLOCK_SYS_GetSircFreq
                0x00004f3c       0x44 ./SDK/platform/drivers/src/clock/S32K1xx/clock_S32K1xx.o
 .text.CLOCK_SYS_GetFircFreq
                0x00004f80       0x3c ./SDK/platform/drivers/src/clock/S32K1xx/clock_S32K1xx.o
 .text.CLOCK_SYS_GetSysPllFreq
                0x00004fbc       0x64 ./SDK/platform/drivers/src/clock/S32K1xx/clock_S32K1xx.o
 .text.init_data_bss
                0x00005020       0xf4 ./SDK/platform/devices/startup.o
                0x00005020                init_data_bss
 .text.SystemInit
                0x00005114       0x30 ./SDK/platform/devices/S32K144/startup/system_S32K144.o
                0x00005114                SystemInit
 .text.memcpy   0x00005144       0x16 C:/NXP/S32DS_ARM_v2.0/S32DS/arm_ewl2/lib/armv7e-m\libc99.a(memcpy.o)
                0x00005144                memcpy
 .text.memset   0x0000515a        0xc C:/NXP/S32DS_ARM_v2.0/S32DS/arm_ewl2/lib/armv7e-m\libc99.a(memset.o)
                0x0000515a                memset
 .text.__fill_mem
                0x00005166       0x7a C:/NXP/S32DS_ARM_v2.0/S32DS/arm_ewl2/lib/armv7e-m\libc99.a(__filll_mem.o)
                0x00005166                __fill_mem
 .text.__fill_mem.__stub
                0x000051e0       0x10 linker stubs
 *(.rodata)
 .rodata        0x000051f0       0x10 ./Sources/main.o
 .rodata        0x00005200       0x18 ./SDK/platform/drivers/src/flexcan/flexcan_hw_access.o
 *(.rodata*)
 .rodata.g_flexcanBase
                0x00005218        0xc ./SDK/platform/drivers/src/flexcan/flexcan_driver.o
 .rodata.g_flexcanWakeUpIrqId
                0x00005224        0x3 ./SDK/platform/drivers/src/flexcan/flexcan_driver.o
 *fill*         0x00005227        0x1 
 .rodata.g_flexcanErrorIrqId
                0x00005228        0x3 ./SDK/platform/drivers/src/flexcan/flexcan_driver.o
 *fill*         0x0000522b        0x1 
 .rodata.g_flexcanBusOffIrqId
                0x0000522c        0x3 ./SDK/platform/drivers/src/flexcan/flexcan_driver.o
 *fill*         0x0000522f        0x1 
 .rodata.g_flexcanOredMessageBufferIrqId
                0x00005230        0x6 ./SDK/platform/drivers/src/flexcan/flexcan_driver.o
 *fill*         0x00005236        0x2 
 .rodata.clockNameMappings
                0x00005238       0x9e ./SDK/platform/drivers/src/clock/S32K1xx/clock_S32K1xx.o
                0x00005238                clockNameMappings
 *fill*         0x000052d6        0x2 
 .rodata.maxClocksFreq.6207
                0x000052d8       0x24 ./SDK/platform/drivers/src/clock/S32K1xx/clock_S32K1xx.o
 .rodata.fircFreq.6262
                0x000052fc       0x10 ./SDK/platform/drivers/src/clock/S32K1xx/clock_S32K1xx.o
 .rodata.flash1_InitConfig0
                0x0000530c       0x14 ./Generated_Code/flash1.o
                0x0000530c                flash1_InitConfig0
 .rodata.canCom1_InitConfig0
                0x00005320       0x38 ./Generated_Code/canCom1.o
                0x00005320                canCom1_InitConfig0
 *(.glue_7)
 .glue_7        0x00000000        0x0 linker stubs
 *(.glue_7t)
 .glue_7t       0x00000000        0x0 linker stubs
 *(.eh_frame)
 *(.init)
 *(.fini)
                0x00005358                . = ALIGN (0x4)

.vfp11_veneer   0x00005358        0x0
 .vfp11_veneer  0x00000000        0x0 linker stubs

.v4_bx          0x00005358        0x0
 .v4_bx         0x00000000        0x0 linker stubs

.iplt           0x00005358        0x0
 .iplt          0x00000000        0x0 C:/NXP/S32DS_ARM_v2.0/S32DS/arm_ewl2/lib/armv7e-m/__arm_start.o

.ARM.extab
 *(.ARM.extab* .gnu.linkonce.armextab.*)

.ARM            0x00005358        0x0
                0x00005358                __exidx_start = .
 *(.ARM.exidx*)
                0x00005358                __exidx_end = .

.ctors          0x00005358        0x0
                0x00005358                __CTOR_LIST__ = .
 *crtbegin.o(.ctors)
 *crtbegin?.o(.ctors)
 *(EXCLUDE_FILE(*crtend.o *crtend?.o) .ctors)
 *(SORT(.ctors.*))
 *(.ctors)
                0x00005358                __CTOR_END__ = .

.dtors          0x00005358        0x0
                0x00005358                __DTOR_LIST__ = .
 *crtbegin.o(.dtors)
 *crtbegin?.o(.dtors)
 *(EXCLUDE_FILE(*crtend.o *crtend?.o) .dtors)
 *(SORT(.dtors.*))
 *(.dtors)
                0x00005358                __DTOR_END__ = .

.preinit_array  0x00005358        0x0
                0x00005358                PROVIDE (__preinit_array_start, .)
 *(.preinit_array*)
                0x00005358                PROVIDE (__preinit_array_end, .)

.init_array     0x00005358        0x0
                0x00005358                PROVIDE (__init_array_start, .)
 *(SORT(.init_array.*))
 *(.init_array*)
                0x00005358                PROVIDE (__init_array_end, .)

.fini_array     0x00005358        0x0
                0x00005358                PROVIDE (__fini_array_start, .)
 *(SORT(.fini_array.*))
 *(.fini_array*)
                0x00005358                PROVIDE (__fini_array_end, .)
                0x00005358                __etext = .
                0x00005358                __DATA_ROM = .

.interrupts_ram
                0x1fff8000      0x400
                0x1fff8000                . = ALIGN (0x4)
                0x1fff8000                __VECTOR_RAM__ = .
                0x1fff8000                __interrupts_ram_start__ = .
 *(.m_interrupts_ram)
                0x1fff8400                . = (. + M_VECTOR_RAM_SIZE)
 *fill*         0x1fff8000      0x400 
                0x1fff8400                . = ALIGN (0x4)
                0x1fff8400                __interrupts_ram_end__ = .
                0x1fff8000                __VECTOR_RAM = DEFINED (__flash_vector_table__)?ORIGIN (m_interrupts):__VECTOR_RAM__
                0x00000400                __RAM_VECTOR_TABLE_SIZE = DEFINED (__flash_vector_table__)?0x0:(__interrupts_ram_end__ - __interrupts_ram_start__)

.data           0x1fff8400      0x924 load address 0x00005358
                0x1fff8400                . = ALIGN (0x4)
                0x1fff8400                __DATA_RAM = .
                0x1fff8400                __data_start__ = .
 *(.data)
 *(.data*)
 .data.dataInfo
                0x1fff8400        0xc ./Sources/CAN_standard.o
                0x1fff8400                dataInfo
 .data.g_pin_mux_InitConfigArr
                0x1fff840c      0x858 ./Generated_Code/pin_mux.o
                0x1fff840c                g_pin_mux_InitConfigArr
 .data.peripheralClockConfig0
                0x1fff8c64       0x41 ./Generated_Code/clockMan1.o
                0x1fff8c64                peripheralClockConfig0
 *fill*         0x1fff8ca5        0x3 
 .data.clockMan1_InitConfig0
                0x1fff8ca8       0x78 ./Generated_Code/clockMan1.o
                0x1fff8ca8                clockMan1_InitConfig0
 .data.g_clockManConfigsArr
                0x1fff8d20        0x4 ./Generated_Code/clockMan1.o
                0x1fff8d20                g_clockManConfigsArr
 *(.jcr*)
                0x1fff8d24                . = ALIGN (0x4)
                0x1fff8d24                __data_end__ = .
                0x00005c7c                __DATA_END = (__DATA_ROM + (__data_end__ - __data_start__))
                0x00005c7c                __CODE_ROM = __DATA_END

.igot.plt       0x1fff8d24        0x0 load address 0x00005c7c
 .igot.plt      0x00000000        0x0 C:/NXP/S32DS_ARM_v2.0/S32DS/arm_ewl2/lib/armv7e-m/__arm_start.o

.code           0x1fff8d24       0x8c load address 0x00005c7c
                0x1fff8d24                . = ALIGN (0x4)
                0x1fff8d24                __CODE_RAM = .
                0x1fff8d24                __code_start__ = .
 *(.code_ram)
 .code_ram      0x1fff8d24       0x30 ./Sources/main.o
                0x1fff8d24                CCIF_Callback
 .code_ram      0x1fff8d54       0x5c ./SDK/platform/drivers/src/flash/flash_driver.o
                0x1fff8db0                . = ALIGN (0x4)
                0x1fff8db0                __code_end__ = .
                0x00005d08                __CODE_END = (__CODE_ROM + (__code_end__ - __code_start__))

.rel.dyn        0x1fff8db0        0x0 load address 0x00005d08
 .rel.iplt      0x00000000        0x0 C:/NXP/S32DS_ARM_v2.0/S32DS/arm_ewl2/lib/armv7e-m/__arm_start.o

.customSectionBlock
 *(.customSection)

.bss            0x20000000     0x1200
                0x20000000                . = ALIGN (0x4)
                0x20000000                __BSS_START = .
                0x20000000                __bss_start__ = .
 *(.bss)
 *(.bss*)
 .bss.exit_code
                0x20000000        0x4 ./Sources/main.o
                0x20000000                exit_code
 .bss.nextAddress.6997
                0x20000004        0x4 ./Sources/main.o
 .bss.callback_test
                0x20000008        0x1 ./Sources/CAN_standard.o
                0x20000008                callback_test
 *fill*         0x20000009        0x3 
 .bss.s_osif_tick_cnt
                0x2000000c        0x4 ./SDK/rtos/osif/osif_baremetal.o
 .bss.g_interruptDisableCount
                0x20000010        0x4 ./SDK/platform/drivers/src/interrupt/interrupt_manager.o
 .bss.g_flexcanStatePtr
                0x20000014        0xc ./SDK/platform/drivers/src/flexcan/flexcan_driver.o
 .bss.s_edma    0x20000020        0x4 ./SDK/platform/drivers/src/edma/edma_driver.o
 .bss.g_clockState
                0x20000024       0x10 ./SDK/platform/drivers/src/clock/clock_manager.o
 .bss.g_clockManCallbacksArr
                0x20000034        0x4 ./Generated_Code/clockMan1.o
                0x20000034                g_clockManCallbacksArr
 *(COMMON)
 COMMON         0x20000038     0x1030 ./Sources/main.o
                0x20000038                flashSSDConfig
                0x20000054                RxBuffer
                0x20001054                TxBuffer
 COMMON         0x20001068       0x54 ./Sources/CAN_standard.o
                0x20001068                convert_Buff
                0x20001070                recvBuff
 COMMON         0x200010bc       0x24 ./Sources/CANTP.o
                0x200010bc                link
 COMMON         0x200010e0       0x14 ./SDK/platform/drivers/src/clock/S32K1xx/clock_S32K1xx.o
                0x200010e0                g_xtal0ClkFreq
                0x200010e4                g_RtcClkInFreq
                0x200010e8                g_TClkFreq
 COMMON         0x200010f4      0x10c ./Generated_Code/canCom1.o
                0x200010f4                canCom1_State
                0x20001200                . = ALIGN (0x4)
                0x20001200                __bss_end__ = .
                0x20001200                __BSS_END = .

.heap           0x20001200      0x400
                0x20001200                . = ALIGN (0x8)
                0x20001200                __end__ = .
                0x20001200                PROVIDE (end, .)
                0x20001200                PROVIDE (_end, .)
                0x20001200                PROVIDE (__end, .)
                0x20001200                __HeapBase = .
                0x20001600                . = (. + HEAP_SIZE)
 *fill*         0x20001200      0x400 
                0x20001600                __HeapLimit = .
                0x20001600                __heap_limit = .

.stack          0x20001600      0x400
                0x20001600                . = ALIGN (0x8)
                0x20001a00                . = (. + STACK_SIZE)
 *fill*         0x20001600      0x400 
                0x20007000                __StackTop = (ORIGIN (m_data_2) + 0x7000)
                0x20006c00                __StackLimit = (__StackTop - STACK_SIZE)
                0x20007000                PROVIDE (__stack, __StackTop)

.ARM.attributes
                0x00000000       0x31
 *(.ARM.attributes)
 .ARM.attributes
                0x00000000       0x33 ./Sources/main.o
 .ARM.attributes
                0x00000033       0x33 ./Sources/CAN_standard.o
 .ARM.attributes
                0x00000066       0x33 ./Sources/CANTP.o
 .ARM.attributes
                0x00000099       0x33 ./SDK/rtos/osif/osif_baremetal.o
 .ARM.attributes
                0x000000cc       0x33 ./SDK/platform/drivers/src/pins/pins_port_hw_access.o
 .ARM.attributes
                0x000000ff       0x33 ./SDK/platform/drivers/src/pins/pins_driver.o
 .ARM.attributes
                0x00000132       0x33 ./SDK/platform/drivers/src/interrupt/interrupt_manager.o
 .ARM.attributes
                0x00000165       0x33 ./SDK/platform/drivers/src/flexcan/flexcan_irq.o
 .ARM.attributes
                0x00000198       0x33 ./SDK/platform/drivers/src/flexcan/flexcan_hw_access.o
 .ARM.attributes
                0x000001cb       0x33 ./SDK/platform/drivers/src/flexcan/flexcan_driver.o
 .ARM.attributes
                0x000001fe       0x33 ./SDK/platform/drivers/src/flash/flash_driver.o
 .ARM.attributes
                0x00000231       0x33 ./SDK/platform/drivers/src/edma/edma_irq.o
 .ARM.attributes
                0x00000264       0x33 ./SDK/platform/drivers/src/edma/edma_hw_access.o
 .ARM.attributes
                0x00000297       0x33 ./SDK/platform/drivers/src/edma/edma_driver.o
 .ARM.attributes
                0x000002ca       0x33 ./SDK/platform/drivers/src/clock/clock_manager.o
 .ARM.attributes
                0x000002fd       0x33 ./SDK/platform/drivers/src/clock/S32K1xx/clock_S32K1xx.o
 .ARM.attributes
                0x00000330       0x33 ./SDK/platform/devices/startup.o
 .ARM.attributes
                0x00000363       0x33 ./SDK/platform/devices/S32K144/startup/system_S32K144.o
 .ARM.attributes
                0x00000396       0x1b ./Project_Settings/Startup_Code/startup_S32K144.o
 .ARM.attributes
                0x000003b1       0x33 ./Generated_Code/pin_mux.o
 .ARM.attributes
                0x000003e4       0x33 ./Generated_Code/flash1.o
 .ARM.attributes
                0x00000417       0x33 ./Generated_Code/clockMan1.o
 .ARM.attributes
                0x0000044a       0x33 ./Generated_Code/canCom1.o
 .ARM.attributes
                0x0000047d       0x33 C:/NXP/S32DS_ARM_v2.0/S32DS/arm_ewl2/lib/armv7e-m\libc99.a(memcpy.o)
 .ARM.attributes
                0x000004b0       0x33 C:/NXP/S32DS_ARM_v2.0/S32DS/arm_ewl2/lib/armv7e-m\libc99.a(memset.o)
 .ARM.attributes
                0x000004e3       0x33 C:/NXP/S32DS_ARM_v2.0/S32DS/arm_ewl2/lib/armv7e-m\libc99.a(__filll_mem.o)
                0x00000001                ASSERT ((__StackLimit >= __HeapLimit), region m_data_2 overflowed with stack and heap)
OUTPUT(Bootloader_v2.0.elf elf32-littlearm)

.debug_info     0x00000000    0x15d6c
 .debug_info    0x00000000     0x20f1 ./Sources/main.o
 .debug_info    0x000020f1     0x19de ./Sources/CAN_standard.o
 .debug_info    0x00003acf      0x958 ./Sources/CANTP.o
 .debug_info    0x00004427      0x7fd ./SDK/rtos/osif/osif_baremetal.o
 .debug_info    0x00004c24      0x58a ./SDK/platform/drivers/src/pins/pins_port_hw_access.o
 .debug_info    0x000051ae      0xe2f ./SDK/platform/drivers/src/pins/pins_driver.o
 .debug_info    0x00005fdd      0x8bd ./SDK/platform/drivers/src/interrupt/interrupt_manager.o
 .debug_info    0x0000689a      0x176 ./SDK/platform/drivers/src/flexcan/flexcan_irq.o
 .debug_info    0x00006a10     0x1671 ./SDK/platform/drivers/src/flexcan/flexcan_hw_access.o
 .debug_info    0x00008081     0x261f ./SDK/platform/drivers/src/flexcan/flexcan_driver.o
 .debug_info    0x0000a6a0     0x119e ./SDK/platform/drivers/src/flash/flash_driver.o
 .debug_info    0x0000b83e      0x1a0 ./SDK/platform/drivers/src/edma/edma_irq.o
 .debug_info    0x0000b9de      0x8fe ./SDK/platform/drivers/src/edma/edma_hw_access.o
 .debug_info    0x0000c2dc     0x2689 ./SDK/platform/drivers/src/edma/edma_driver.o
 .debug_info    0x0000e965     0x1179 ./SDK/platform/drivers/src/clock/clock_manager.o
 .debug_info    0x0000fade     0x3acb ./SDK/platform/drivers/src/clock/S32K1xx/clock_S32K1xx.o
 .debug_info    0x000135a9      0x3eb ./SDK/platform/devices/startup.o
 .debug_info    0x00013994      0x500 ./SDK/platform/devices/S32K144/startup/system_S32K144.o
 .debug_info    0x00013e94       0x98 ./Project_Settings/Startup_Code/startup_S32K144.o
 .debug_info    0x00013f2c      0x393 ./Generated_Code/pin_mux.o
 .debug_info    0x000142bf       0xfa ./Generated_Code/flash1.o
 .debug_info    0x000143b9     0x1058 ./Generated_Code/clockMan1.o
 .debug_info    0x00015411      0x627 ./Generated_Code/canCom1.o
 .debug_info    0x00015a38      0x111 C:/NXP/S32DS_ARM_v2.0/S32DS/arm_ewl2/lib/armv7e-m\libc99.a(memcpy.o)
 .debug_info    0x00015b49       0xec C:/NXP/S32DS_ARM_v2.0/S32DS/arm_ewl2/lib/armv7e-m\libc99.a(memset.o)
 .debug_info    0x00015c35      0x137 C:/NXP/S32DS_ARM_v2.0/S32DS/arm_ewl2/lib/armv7e-m\libc99.a(__filll_mem.o)

.debug_abbrev   0x00000000     0x23f0
 .debug_abbrev  0x00000000      0x2a4 ./Sources/main.o
 .debug_abbrev  0x000002a4      0x201 ./Sources/CAN_standard.o
 .debug_abbrev  0x000004a5      0x1df ./Sources/CANTP.o
 .debug_abbrev  0x00000684      0x1fc ./SDK/rtos/osif/osif_baremetal.o
 .debug_abbrev  0x00000880       0xeb ./SDK/platform/drivers/src/pins/pins_port_hw_access.o
 .debug_abbrev  0x0000096b      0x209 ./SDK/platform/drivers/src/pins/pins_driver.o
 .debug_abbrev  0x00000b74      0x18e ./SDK/platform/drivers/src/interrupt/interrupt_manager.o
 .debug_abbrev  0x00000d02       0x45 ./SDK/platform/drivers/src/flexcan/flexcan_irq.o
 .debug_abbrev  0x00000d47      0x288 ./SDK/platform/drivers/src/flexcan/flexcan_hw_access.o
 .debug_abbrev  0x00000fcf      0x2c6 ./SDK/platform/drivers/src/flexcan/flexcan_driver.o
 .debug_abbrev  0x00001295      0x1fe ./SDK/platform/drivers/src/flash/flash_driver.o
 .debug_abbrev  0x00001493       0x5d ./SDK/platform/drivers/src/edma/edma_irq.o
 .debug_abbrev  0x000014f0      0x1cc ./SDK/platform/drivers/src/edma/edma_hw_access.o
 .debug_abbrev  0x000016bc      0x29b ./SDK/platform/drivers/src/edma/edma_driver.o
 .debug_abbrev  0x00001957      0x16b ./SDK/platform/drivers/src/clock/clock_manager.o
 .debug_abbrev  0x00001ac2      0x243 ./SDK/platform/drivers/src/clock/S32K1xx/clock_S32K1xx.o
 .debug_abbrev  0x00001d05      0x101 ./SDK/platform/devices/startup.o
 .debug_abbrev  0x00001e06      0x118 ./SDK/platform/devices/S32K144/startup/system_S32K144.o
 .debug_abbrev  0x00001f1e       0x14 ./Project_Settings/Startup_Code/startup_S32K144.o
 .debug_abbrev  0x00001f32       0xbe ./Generated_Code/pin_mux.o
 .debug_abbrev  0x00001ff0       0x87 ./Generated_Code/flash1.o
 .debug_abbrev  0x00002077      0x10a ./Generated_Code/clockMan1.o
 .debug_abbrev  0x00002181      0x100 ./Generated_Code/canCom1.o
 .debug_abbrev  0x00002281       0x95 C:/NXP/S32DS_ARM_v2.0/S32DS/arm_ewl2/lib/armv7e-m\libc99.a(memcpy.o)
 .debug_abbrev  0x00002316       0x62 C:/NXP/S32DS_ARM_v2.0/S32DS/arm_ewl2/lib/armv7e-m\libc99.a(memset.o)
 .debug_abbrev  0x00002378       0x78 C:/NXP/S32DS_ARM_v2.0/S32DS/arm_ewl2/lib/armv7e-m\libc99.a(__filll_mem.o)

.debug_aranges  0x00000000     0x1160
 .debug_aranges
                0x00000000       0x88 ./Sources/main.o
 .debug_aranges
                0x00000088       0x38 ./Sources/CAN_standard.o
 .debug_aranges
                0x000000c0       0x70 ./Sources/CANTP.o
 .debug_aranges
                0x00000130       0x98 ./SDK/rtos/osif/osif_baremetal.o
 .debug_aranges
                0x000001c8       0x20 ./SDK/platform/drivers/src/pins/pins_port_hw_access.o
 .debug_aranges
                0x000001e8      0x150 ./SDK/platform/drivers/src/pins/pins_driver.o
 .debug_aranges
                0x00000338       0x70 ./SDK/platform/drivers/src/interrupt/interrupt_manager.o
 .debug_aranges
                0x000003a8       0x90 ./SDK/platform/drivers/src/flexcan/flexcan_irq.o
 .debug_aranges
                0x00000438      0x140 ./SDK/platform/drivers/src/flexcan/flexcan_hw_access.o
 .debug_aranges
                0x00000578      0x238 ./SDK/platform/drivers/src/flexcan/flexcan_driver.o
 .debug_aranges
                0x000007b0      0x108 ./SDK/platform/drivers/src/flash/flash_driver.o
 .debug_aranges
                0x000008b8       0xa0 ./SDK/platform/drivers/src/edma/edma_irq.o
 .debug_aranges
                0x00000958       0x88 ./SDK/platform/drivers/src/edma/edma_hw_access.o
 .debug_aranges
                0x000009e0      0x220 ./SDK/platform/drivers/src/edma/edma_driver.o
 .debug_aranges
                0x00000c00       0x38 ./SDK/platform/drivers/src/clock/clock_manager.o
 .debug_aranges
                0x00000c38      0x3f8 ./SDK/platform/drivers/src/clock/S32K1xx/clock_S32K1xx.o
 .debug_aranges
                0x00001030       0x20 ./SDK/platform/devices/startup.o
 .debug_aranges
                0x00001050       0x30 ./SDK/platform/devices/S32K144/startup/system_S32K144.o
 .debug_aranges
                0x00001080       0x20 ./Project_Settings/Startup_Code/startup_S32K144.o
 .debug_aranges
                0x000010a0       0x18 ./Generated_Code/pin_mux.o
 .debug_aranges
                0x000010b8       0x18 ./Generated_Code/flash1.o
 .debug_aranges
                0x000010d0       0x18 ./Generated_Code/clockMan1.o
 .debug_aranges
                0x000010e8       0x18 ./Generated_Code/canCom1.o
 .debug_aranges
                0x00001100       0x20 C:/NXP/S32DS_ARM_v2.0/S32DS/arm_ewl2/lib/armv7e-m\libc99.a(memcpy.o)
 .debug_aranges
                0x00001120       0x20 C:/NXP/S32DS_ARM_v2.0/S32DS/arm_ewl2/lib/armv7e-m\libc99.a(memset.o)
 .debug_aranges
                0x00001140       0x20 C:/NXP/S32DS_ARM_v2.0/S32DS/arm_ewl2/lib/armv7e-m\libc99.a(__filll_mem.o)

.debug_ranges   0x00000000      0xf60
 .debug_ranges  0x00000000       0x78 ./Sources/main.o
 .debug_ranges  0x00000078       0x28 ./Sources/CAN_standard.o
 .debug_ranges  0x000000a0       0x60 ./Sources/CANTP.o
 .debug_ranges  0x00000100       0x88 ./SDK/rtos/osif/osif_baremetal.o
 .debug_ranges  0x00000188       0x10 ./SDK/platform/drivers/src/pins/pins_port_hw_access.o
 .debug_ranges  0x00000198      0x140 ./SDK/platform/drivers/src/pins/pins_driver.o
 .debug_ranges  0x000002d8       0x60 ./SDK/platform/drivers/src/interrupt/interrupt_manager.o
 .debug_ranges  0x00000338       0x80 ./SDK/platform/drivers/src/flexcan/flexcan_irq.o
 .debug_ranges  0x000003b8      0x130 ./SDK/platform/drivers/src/flexcan/flexcan_hw_access.o
 .debug_ranges  0x000004e8      0x228 ./SDK/platform/drivers/src/flexcan/flexcan_driver.o
 .debug_ranges  0x00000710       0xf8 ./SDK/platform/drivers/src/flash/flash_driver.o
 .debug_ranges  0x00000808       0x90 ./SDK/platform/drivers/src/edma/edma_irq.o
 .debug_ranges  0x00000898       0x78 ./SDK/platform/drivers/src/edma/edma_hw_access.o
 .debug_ranges  0x00000910      0x210 ./SDK/platform/drivers/src/edma/edma_driver.o
 .debug_ranges  0x00000b20       0x28 ./SDK/platform/drivers/src/clock/clock_manager.o
 .debug_ranges  0x00000b48      0x3e8 ./SDK/platform/drivers/src/clock/S32K1xx/clock_S32K1xx.o
 .debug_ranges  0x00000f30       0x10 ./SDK/platform/devices/startup.o
 .debug_ranges  0x00000f40       0x20 ./SDK/platform/devices/S32K144/startup/system_S32K144.o

.debug_macro    0x00000000    0x20323
 .debug_macro   0x00000000      0x2d2 ./Sources/main.o
 .debug_macro   0x000002d2      0x874 ./Sources/main.o
 .debug_macro   0x00000b46       0x52 ./Sources/main.o
 .debug_macro   0x00000b98       0xa0 ./Sources/main.o
 .debug_macro   0x00000c38       0x16 ./Sources/main.o
 .debug_macro   0x00000c4e       0x10 ./Sources/main.o
 .debug_macro   0x00000c5e       0x6d ./Sources/main.o
 .debug_macro   0x00000ccb       0x19 ./Sources/main.o
 .debug_macro   0x00000ce4       0x64 ./Sources/main.o
 .debug_macro   0x00000d48      0x185 ./Sources/main.o
 .debug_macro   0x00000ecd      0x140 ./Sources/main.o
 .debug_macro   0x0000100d       0x9d ./Sources/main.o
 .debug_macro   0x000010aa       0x10 ./Sources/main.o
 .debug_macro   0x000010ba      0x15b ./Sources/main.o
 .debug_macro   0x00001215       0x28 ./Sources/main.o
 .debug_macro   0x0000123d       0x58 ./Sources/main.o
 .debug_macro   0x00001295     0xdf8d ./Sources/main.o
 .debug_macro   0x0000f222      0x978 ./Sources/main.o
 .debug_macro   0x0000fb9a       0x22 ./Sources/main.o
 .debug_macro   0x0000fbbc       0x10 ./Sources/main.o
 .debug_macro   0x0000fbcc       0x16 ./Sources/main.o
 .debug_macro   0x0000fbe2       0x16 ./Sources/main.o
 .debug_macro   0x0000fbf8       0x16 ./Sources/main.o
 .debug_macro   0x0000fc0e      0x50c ./Sources/main.o
 .debug_macro   0x0001011a       0x1c ./Sources/main.o
 .debug_macro   0x00010136       0x10 ./Sources/main.o
 .debug_macro   0x00010146       0x22 ./Sources/main.o
 .debug_macro   0x00010168       0x16 ./Sources/main.o
 .debug_macro   0x0001017e       0x16 ./Sources/main.o
 .debug_macro   0x00010194       0x16 ./Sources/main.o
 .debug_macro   0x000101aa       0x8b ./Sources/main.o
 .debug_macro   0x00010235       0x22 ./Sources/main.o
 .debug_macro   0x00010257       0x10 ./Sources/main.o
 .debug_macro   0x00010267       0x20 ./Sources/main.o
 .debug_macro   0x00010287       0x10 ./Sources/main.o
 .debug_macro   0x00010297       0x6a ./Sources/main.o
 .debug_macro   0x00010301       0x34 ./Sources/main.o
 .debug_macro   0x00010335      0x28e ./Sources/CAN_standard.o
 .debug_macro   0x000105c3      0x27b ./Sources/CANTP.o
 .debug_macro   0x0001083e      0x1af ./Sources/CANTP.o
 .debug_macro   0x000109ed     0xdfa2 ./Sources/CANTP.o
 .debug_macro   0x0001e98f       0x10 ./Sources/CANTP.o
 .debug_macro   0x0001e99f      0x155 ./SDK/rtos/osif/osif_baremetal.o
 .debug_macro   0x0001eaf4      0x132 ./SDK/platform/drivers/src/pins/pins_port_hw_access.o
 .debug_macro   0x0001ec26      0x142 ./SDK/platform/drivers/src/pins/pins_driver.o
 .debug_macro   0x0001ed68       0xeb ./SDK/platform/drivers/src/interrupt/interrupt_manager.o
 .debug_macro   0x0001ee53       0xeb ./SDK/platform/drivers/src/flexcan/flexcan_irq.o
 .debug_macro   0x0001ef3e      0x23e ./SDK/platform/drivers/src/flexcan/flexcan_hw_access.o
 .debug_macro   0x0001f17c       0x16 ./SDK/platform/drivers/src/flexcan/flexcan_hw_access.o
 .debug_macro   0x0001f192       0xb5 ./SDK/platform/drivers/src/flexcan/flexcan_hw_access.o
 .debug_macro   0x0001f247      0x17a ./SDK/platform/drivers/src/flexcan/flexcan_driver.o
 .debug_macro   0x0001f3c1      0x12c ./SDK/platform/drivers/src/flash/flash_driver.o
 .debug_macro   0x0001f4ed       0x1c ./SDK/platform/drivers/src/flash/flash_driver.o
 .debug_macro   0x0001f509      0x134 ./SDK/platform/drivers/src/edma/edma_irq.o
 .debug_macro   0x0001f63d      0x130 ./SDK/platform/drivers/src/edma/edma_hw_access.o
 .debug_macro   0x0001f76d      0x151 ./SDK/platform/drivers/src/edma/edma_driver.o
 .debug_macro   0x0001f8be      0x13b ./SDK/platform/drivers/src/clock/clock_manager.o
 .debug_macro   0x0001f9f9      0x1a5 ./SDK/platform/drivers/src/clock/S32K1xx/clock_S32K1xx.o
 .debug_macro   0x0001fb9e       0xeb ./SDK/platform/devices/startup.o
 .debug_macro   0x0001fc89       0xea ./SDK/platform/devices/S32K144/startup/system_S32K144.o
 .debug_macro   0x0001fd73      0x141 ./Generated_Code/pin_mux.o
 .debug_macro   0x0001feb4      0x136 ./Generated_Code/flash1.o
 .debug_macro   0x0001ffea      0x18b ./Generated_Code/clockMan1.o
 .debug_macro   0x00020175      0x1ae ./Generated_Code/canCom1.o

.debug_line     0x00000000     0x9664
 .debug_line    0x00000000      0x7e0 ./Sources/main.o
 .debug_line    0x000007e0      0x68f ./Sources/CAN_standard.o
 .debug_line    0x00000e6f      0x7fc ./Sources/CANTP.o
 .debug_line    0x0000166b      0x540 ./SDK/rtos/osif/osif_baremetal.o
 .debug_line    0x00001bab      0x3cc ./SDK/platform/drivers/src/pins/pins_port_hw_access.o
 .debug_line    0x00001f77      0x6cb ./SDK/platform/drivers/src/pins/pins_driver.o
 .debug_line    0x00002642      0x457 ./SDK/platform/drivers/src/interrupt/interrupt_manager.o
 .debug_line    0x00002a99      0x3e6 ./SDK/platform/drivers/src/flexcan/flexcan_irq.o
 .debug_line    0x00002e7f      0xa77 ./SDK/platform/drivers/src/flexcan/flexcan_hw_access.o
 .debug_line    0x000038f6      0xbda ./SDK/platform/drivers/src/flexcan/flexcan_driver.o
 .debug_line    0x000044d0      0x8d4 ./SDK/platform/drivers/src/flash/flash_driver.o
 .debug_line    0x00004da4      0x4bd ./SDK/platform/drivers/src/edma/edma_irq.o
 .debug_line    0x00005261      0x540 ./SDK/platform/drivers/src/edma/edma_hw_access.o
 .debug_line    0x000057a1      0xc86 ./SDK/platform/drivers/src/edma/edma_driver.o
 .debug_line    0x00006427      0x4a5 ./SDK/platform/drivers/src/clock/clock_manager.o
 .debug_line    0x000068cc     0x14e2 ./SDK/platform/drivers/src/clock/S32K1xx/clock_S32K1xx.o
 .debug_line    0x00007dae      0x263 ./SDK/platform/devices/startup.o
 .debug_line    0x00008011      0x350 ./SDK/platform/devices/S32K144/startup/system_S32K144.o
 .debug_line    0x00008361       0x83 ./Project_Settings/Startup_Code/startup_S32K144.o
 .debug_line    0x000083e4      0x366 ./Generated_Code/pin_mux.o
 .debug_line    0x0000874a      0x365 ./Generated_Code/flash1.o
 .debug_line    0x00008aaf      0x4e1 ./Generated_Code/clockMan1.o
 .debug_line    0x00008f90      0x50b ./Generated_Code/canCom1.o
 .debug_line    0x0000949b       0x88 C:/NXP/S32DS_ARM_v2.0/S32DS/arm_ewl2/lib/armv7e-m\libc99.a(memcpy.o)
 .debug_line    0x00009523       0x8f C:/NXP/S32DS_ARM_v2.0/S32DS/arm_ewl2/lib/armv7e-m\libc99.a(memset.o)
 .debug_line    0x000095b2       0xb2 C:/NXP/S32DS_ARM_v2.0/S32DS/arm_ewl2/lib/armv7e-m\libc99.a(__filll_mem.o)

.debug_str      0x00000000    0x6dea8
 .debug_str     0x00000000    0x6708a ./Sources/main.o
                              0x67403 (size before relaxing)
 .debug_str     0x0006708a      0x6ee ./Sources/CAN_standard.o
                              0x66f61 (size before relaxing)
 .debug_str     0x00067778      0x20b ./Sources/CANTP.o
                              0x650cb (size before relaxing)
 .debug_str     0x00067983      0x1fb ./SDK/rtos/osif/osif_baremetal.o
                              0x6303d (size before relaxing)
 .debug_str     0x00067b7e       0x6c ./SDK/platform/drivers/src/pins/pins_port_hw_access.o
                              0x62dc3 (size before relaxing)
 .debug_str     0x00067bea      0x41d ./SDK/platform/drivers/src/pins/pins_driver.o
                              0x6319a (size before relaxing)
 .debug_str     0x00068007      0x1db ./SDK/platform/drivers/src/interrupt/interrupt_manager.o
                              0x62af9 (size before relaxing)
 .debug_str     0x000681e2      0x1bb ./SDK/platform/drivers/src/flexcan/flexcan_irq.o
                              0x62440 (size before relaxing)
 .debug_str     0x0006839d     0x134d ./SDK/platform/drivers/src/flexcan/flexcan_hw_access.o
                              0x6400a (size before relaxing)
 .debug_str     0x000696ea      0xa33 ./SDK/platform/drivers/src/flexcan/flexcan_driver.o
                              0x64a89 (size before relaxing)
 .debug_str     0x0006a11d      0x5b0 ./SDK/platform/drivers/src/flash/flash_driver.o
                              0x64d5e (size before relaxing)
 .debug_str     0x0006a6cd      0x159 ./SDK/platform/drivers/src/edma/edma_irq.o
                              0x625ce (size before relaxing)
 .debug_str     0x0006a826      0x4b5 ./SDK/platform/drivers/src/edma/edma_hw_access.o
                              0x62a4b (size before relaxing)
 .debug_str     0x0006acdb     0x1203 ./SDK/platform/drivers/src/edma/edma_driver.o
                              0x64c29 (size before relaxing)
 .debug_str     0x0006bede      0x19a ./SDK/platform/drivers/src/clock/clock_manager.o
                              0x63fe5 (size before relaxing)
 .debug_str     0x0006c078     0x1a09 ./SDK/platform/drivers/src/clock/S32K1xx/clock_S32K1xx.o
                              0x6584a (size before relaxing)
 .debug_str     0x0006da81      0x10a ./SDK/platform/devices/startup.o
                              0x62452 (size before relaxing)
 .debug_str     0x0006db8b       0xb7 ./SDK/platform/devices/S32K144/startup/system_S32K144.o
                              0x6252b (size before relaxing)
 .debug_str     0x0006dc42       0x1c ./Generated_Code/pin_mux.o
                              0x627ba (size before relaxing)
 .debug_str     0x0006dc5e       0x1b ./Generated_Code/flash1.o
                              0x640d6 (size before relaxing)
 .debug_str     0x0006dc79       0x4b ./Generated_Code/clockMan1.o
                              0x65cbc (size before relaxing)
 .debug_str     0x0006dcc4       0x1c ./Generated_Code/canCom1.o
                              0x64cd4 (size before relaxing)
 .debug_str     0x0006dce0      0x179 C:/NXP/S32DS_ARM_v2.0/S32DS/arm_ewl2/lib/armv7e-m\libc99.a(memcpy.o)
                                0x217 (size before relaxing)
 .debug_str     0x0006de59       0x22 C:/NXP/S32DS_ARM_v2.0/S32DS/arm_ewl2/lib/armv7e-m\libc99.a(memset.o)
                                0x21f (size before relaxing)
 .debug_str     0x0006de7b       0x2d C:/NXP/S32DS_ARM_v2.0/S32DS/arm_ewl2/lib/armv7e-m\libc99.a(__filll_mem.o)
                                0x231 (size before relaxing)

.comment        0x00000000       0x70
 .comment       0x00000000       0x70 ./Sources/main.o
                                 0x71 (size before relaxing)
 .comment       0x00000000       0x71 ./Sources/CAN_standard.o
 .comment       0x00000000       0x71 ./Sources/CANTP.o
 .comment       0x00000000       0x71 ./SDK/rtos/osif/osif_baremetal.o
 .comment       0x00000000       0x71 ./SDK/platform/drivers/src/pins/pins_port_hw_access.o
 .comment       0x00000000       0x71 ./SDK/platform/drivers/src/pins/pins_driver.o
 .comment       0x00000000       0x71 ./SDK/platform/drivers/src/interrupt/interrupt_manager.o
 .comment       0x00000000       0x71 ./SDK/platform/drivers/src/flexcan/flexcan_irq.o
 .comment       0x00000000       0x71 ./SDK/platform/drivers/src/flexcan/flexcan_hw_access.o
 .comment       0x00000000       0x71 ./SDK/platform/drivers/src/flexcan/flexcan_driver.o
 .comment       0x00000000       0x71 ./SDK/platform/drivers/src/flash/flash_driver.o
 .comment       0x00000000       0x71 ./SDK/platform/drivers/src/edma/edma_irq.o
 .comment       0x00000000       0x71 ./SDK/platform/drivers/src/edma/edma_hw_access.o
 .comment       0x00000000       0x71 ./SDK/platform/drivers/src/edma/edma_driver.o
 .comment       0x00000000       0x71 ./SDK/platform/drivers/src/clock/clock_manager.o
 .comment       0x00000000       0x71 ./SDK/platform/drivers/src/clock/S32K1xx/clock_S32K1xx.o
 .comment       0x00000000       0x71 ./SDK/platform/devices/startup.o
 .comment       0x00000000       0x71 ./SDK/platform/devices/S32K144/startup/system_S32K144.o
 .comment       0x00000000       0x71 ./Generated_Code/pin_mux.o
 .comment       0x00000000       0x71 ./Generated_Code/flash1.o
 .comment       0x00000000       0x71 ./Generated_Code/clockMan1.o
 .comment       0x00000000       0x71 ./Generated_Code/canCom1.o
 .comment       0x00000000       0x71 C:/NXP/S32DS_ARM_v2.0/S32DS/arm_ewl2/lib/armv7e-m\libc99.a(memcpy.o)
 .comment       0x00000000       0x71 C:/NXP/S32DS_ARM_v2.0/S32DS/arm_ewl2/lib/armv7e-m\libc99.a(memset.o)
 .comment       0x00000000       0x71 C:/NXP/S32DS_ARM_v2.0/S32DS/arm_ewl2/lib/armv7e-m\libc99.a(__filll_mem.o)

.debug_frame    0x00000000     0x4704
 .debug_frame   0x00000000      0x1fc ./Sources/main.o
 .debug_frame   0x000001fc       0x98 ./Sources/CAN_standard.o
 .debug_frame   0x00000294      0x1a8 ./Sources/CANTP.o
 .debug_frame   0x0000043c      0x23c ./SDK/rtos/osif/osif_baremetal.o
 .debug_frame   0x00000678       0x38 ./SDK/platform/drivers/src/pins/pins_port_hw_access.o
 .debug_frame   0x000006b0      0x5d8 ./SDK/platform/drivers/src/pins/pins_driver.o
 .debug_frame   0x00000c88      0x1b8 ./SDK/platform/drivers/src/interrupt/interrupt_manager.o
 .debug_frame   0x00000e40      0x1b4 ./SDK/platform/drivers/src/flexcan/flexcan_irq.o
 .debug_frame   0x00000ff4      0x5ac ./SDK/platform/drivers/src/flexcan/flexcan_hw_access.o
 .debug_frame   0x000015a0      0xa50 ./SDK/platform/drivers/src/flexcan/flexcan_driver.o
 .debug_frame   0x00001ff0      0x470 ./SDK/platform/drivers/src/flash/flash_driver.o
 .debug_frame   0x00002460      0x1ec ./SDK/platform/drivers/src/edma/edma_irq.o
 .debug_frame   0x0000264c      0x23c ./SDK/platform/drivers/src/edma/edma_hw_access.o
 .debug_frame   0x00002888      0x9c0 ./SDK/platform/drivers/src/edma/edma_driver.o
 .debug_frame   0x00003248       0xa4 ./SDK/platform/drivers/src/clock/clock_manager.o
 .debug_frame   0x000032ec     0x12e8 ./SDK/platform/drivers/src/clock/S32K1xx/clock_S32K1xx.o
 .debug_frame   0x000045d4       0x38 ./SDK/platform/devices/startup.o
 .debug_frame   0x0000460c       0x80 ./SDK/platform/devices/S32K144/startup/system_S32K144.o
 .debug_frame   0x0000468c       0x28 C:/NXP/S32DS_ARM_v2.0/S32DS/arm_ewl2/lib/armv7e-m\libc99.a(memcpy.o)
 .debug_frame   0x000046b4       0x28 C:/NXP/S32DS_ARM_v2.0/S32DS/arm_ewl2/lib/armv7e-m\libc99.a(memset.o)
 .debug_frame   0x000046dc       0x28 C:/NXP/S32DS_ARM_v2.0/S32DS/arm_ewl2/lib/armv7e-m\libc99.a(__filll_mem.o)

.debug_loc      0x00000000      0x246
 .debug_loc     0x00000000       0x77 C:/NXP/S32DS_ARM_v2.0/S32DS/arm_ewl2/lib/armv7e-m\libc99.a(memcpy.o)
 .debug_loc     0x00000077       0x64 C:/NXP/S32DS_ARM_v2.0/S32DS/arm_ewl2/lib/armv7e-m\libc99.a(memset.o)
 .debug_loc     0x000000db      0x16b C:/NXP/S32DS_ARM_v2.0/S32DS/arm_ewl2/lib/armv7e-m\libc99.a(__filll_mem.o)
