Archive member included to satisfy reference by file (symbol)

e:/nxp/s32ds/build_tools/gcc_v6.3/gcc-6.3-arm32-eabi/bin/../lib/gcc/arm-none-eabi/6.3.1/thumb/v7e-m/fpv4-sp/hard\libgcc.a(_aeabi_uldivmod.o)
                              ./SDK/platform/drivers/src/lptmr/lptmr_driver.o (__aeabi_uldivmod)
e:/nxp/s32ds/build_tools/gcc_v6.3/gcc-6.3-arm32-eabi/bin/../lib/gcc/arm-none-eabi/6.3.1/thumb/v7e-m/fpv4-sp/hard\libgcc.a(_udivmoddi4.o)
                              e:/nxp/s32ds/build_tools/gcc_v6.3/gcc-6.3-arm32-eabi/bin/../lib/gcc/arm-none-eabi/6.3.1/thumb/v7e-m/fpv4-sp/hard\libgcc.a(_aeabi_uldivmod.o) (__udivmoddi4)
e:/nxp/s32ds/build_tools/gcc_v6.3/gcc-6.3-arm32-eabi/bin/../lib/gcc/arm-none-eabi/6.3.1/thumb/v7e-m/fpv4-sp/hard\libgcc.a(_dvmd_tls.o)
                              e:/nxp/s32ds/build_tools/gcc_v6.3/gcc-6.3-arm32-eabi/bin/../lib/gcc/arm-none-eabi/6.3.1/thumb/v7e-m/fpv4-sp/hard\libgcc.a(_aeabi_uldivmod.o) (__aeabi_ldiv0)
E:/NXP/S32DS/build_tools/gcc_v6.3/gcc-6.3-arm32-eabi/arm-none-eabi/newlib/lib/thumb/v7e-m/fpv4-sp/hard\libc_nano.a(lib_a-exit.o)
                              E:/NXP/S32DS/build_tools/gcc_v6.3/gcc-6.3-arm32-eabi/arm-none-eabi/newlib/lib/thumb/v7e-m/fpv4-sp/hard/crt0.o (exit)
E:/NXP/S32DS/build_tools/gcc_v6.3/gcc-6.3-arm32-eabi/arm-none-eabi/newlib/lib/thumb/v7e-m/fpv4-sp/hard\libc_nano.a(lib_a-impure.o)
                              E:/NXP/S32DS/build_tools/gcc_v6.3/gcc-6.3-arm32-eabi/arm-none-eabi/newlib/lib/thumb/v7e-m/fpv4-sp/hard\libc_nano.a(lib_a-exit.o) (_global_impure_ptr)
E:/NXP/S32DS/build_tools/gcc_v6.3/gcc-6.3-arm32-eabi/arm-none-eabi/newlib/lib/thumb/v7e-m/fpv4-sp/hard\libc_nano.a(lib_a-init.o)
                              E:/NXP/S32DS/build_tools/gcc_v6.3/gcc-6.3-arm32-eabi/arm-none-eabi/newlib/lib/thumb/v7e-m/fpv4-sp/hard/crt0.o (__libc_init_array)
E:/NXP/S32DS/build_tools/gcc_v6.3/gcc-6.3-arm32-eabi/arm-none-eabi/newlib/lib/thumb/v7e-m/fpv4-sp/hard\libc_nano.a(lib_a-memcpy-stub.o)
                              ./Sources/CANTP.o (memcpy)
E:/NXP/S32DS/build_tools/gcc_v6.3/gcc-6.3-arm32-eabi/arm-none-eabi/newlib/lib/thumb/v7e-m/fpv4-sp/hard\libc_nano.a(lib_a-memset.o)
                              E:/NXP/S32DS/build_tools/gcc_v6.3/gcc-6.3-arm32-eabi/arm-none-eabi/newlib/lib/thumb/v7e-m/fpv4-sp/hard/crt0.o (memset)
E:/NXP/S32DS/build_tools/gcc_v6.3/gcc-6.3-arm32-eabi/arm-none-eabi/newlib/lib/thumb/v7e-m/fpv4-sp/hard\libc_nano.a(lib_a-rand.o)
                              ./Sources/UDS_ECU.o (srand)
E:/NXP/S32DS/build_tools/gcc_v6.3/gcc-6.3-arm32-eabi/arm-none-eabi/newlib/lib/thumb/v7e-m/fpv4-sp/hard\libc_nano.a(lib_a-time.o)
                              ./Sources/UDS_ECU.o (time)
E:/NXP/S32DS/build_tools/gcc_v6.3/gcc-6.3-arm32-eabi/arm-none-eabi/newlib/lib/thumb/v7e-m/fpv4-sp/hard\libc_nano.a(lib_a-gettimeofdayr.o)
                              E:/NXP/S32DS/build_tools/gcc_v6.3/gcc-6.3-arm32-eabi/arm-none-eabi/newlib/lib/thumb/v7e-m/fpv4-sp/hard\libc_nano.a(lib_a-time.o) (_gettimeofday_r)
E:/NXP/S32DS/build_tools/gcc_v6.3/gcc-6.3-arm32-eabi/arm-none-eabi/newlib/lib/thumb/v7e-m/fpv4-sp/hard\libc_nano.a(lib_a-malloc.o)
                              E:/NXP/S32DS/build_tools/gcc_v6.3/gcc-6.3-arm32-eabi/arm-none-eabi/newlib/lib/thumb/v7e-m/fpv4-sp/hard\libc_nano.a(lib_a-rand.o) (malloc)
E:/NXP/S32DS/build_tools/gcc_v6.3/gcc-6.3-arm32-eabi/arm-none-eabi/newlib/lib/thumb/v7e-m/fpv4-sp/hard\libc_nano.a(lib_a-nano-freer.o)
                              E:/NXP/S32DS/build_tools/gcc_v6.3/gcc-6.3-arm32-eabi/arm-none-eabi/newlib/lib/thumb/v7e-m/fpv4-sp/hard\libc_nano.a(lib_a-malloc.o) (_free_r)
E:/NXP/S32DS/build_tools/gcc_v6.3/gcc-6.3-arm32-eabi/arm-none-eabi/newlib/lib/thumb/v7e-m/fpv4-sp/hard\libc_nano.a(lib_a-nano-mallocr.o)
                              E:/NXP/S32DS/build_tools/gcc_v6.3/gcc-6.3-arm32-eabi/arm-none-eabi/newlib/lib/thumb/v7e-m/fpv4-sp/hard\libc_nano.a(lib_a-malloc.o) (_malloc_r)
E:/NXP/S32DS/build_tools/gcc_v6.3/gcc-6.3-arm32-eabi/arm-none-eabi/newlib/lib/thumb/v7e-m/fpv4-sp/hard\libc_nano.a(lib_a-reent.o)
                              E:/NXP/S32DS/build_tools/gcc_v6.3/gcc-6.3-arm32-eabi/arm-none-eabi/newlib/lib/thumb/v7e-m/fpv4-sp/hard\libc_nano.a(lib_a-gettimeofdayr.o) (errno)
E:/NXP/S32DS/build_tools/gcc_v6.3/gcc-6.3-arm32-eabi/arm-none-eabi/newlib/lib/thumb/v7e-m/fpv4-sp/hard\libc_nano.a(lib_a-sbrkr.o)
                              E:/NXP/S32DS/build_tools/gcc_v6.3/gcc-6.3-arm32-eabi/arm-none-eabi/newlib/lib/thumb/v7e-m/fpv4-sp/hard\libc_nano.a(lib_a-nano-mallocr.o) (_sbrk_r)
E:/NXP/S32DS/build_tools/gcc_v6.3/gcc-6.3-arm32-eabi/arm-none-eabi/newlib/lib/thumb/v7e-m/fpv4-sp/hard\libc_nano.a(lib_a-mlock.o)
                              E:/NXP/S32DS/build_tools/gcc_v6.3/gcc-6.3-arm32-eabi/arm-none-eabi/newlib/lib/thumb/v7e-m/fpv4-sp/hard\libc_nano.a(lib_a-nano-freer.o) (__malloc_lock)
E:/NXP/S32DS/build_tools/gcc_v6.3/gcc-6.3-arm32-eabi/arm-none-eabi/newlib/lib/thumb/v7e-m/fpv4-sp/hard\libnosys.a(gettod.o)
[...]
Memory Configuration

Name             Origin             Length             Attributes
m_interrupts     0x1fff8000         0x00000400         xr
m_text           0x1fff8400         0x00007c00         xr
m_data           0x20000000         0x00007000         rw
*default*        0x00000000         0xffffffff

Linker script and memory map

LOAD e:/nxp/s32ds/build_tools/gcc_v6.3/gcc-6.3-arm32-eabi/bin/../lib/gcc/arm-none-eabi/6.3.1/thumb/v7e-m/fpv4-sp/hard/crti.o
LOAD e:/nxp/s32ds/build_tools/gcc_v6.3/gcc-6.3-arm32-eabi/bin/../lib/gcc/arm-none-eabi/6.3.1/thumb/v7e-m/fpv4-sp/hard/crtbegin.o
LOAD E:/NXP/S32DS/build_tools/gcc_v6.3/gcc-6.3-arm32-eabi/arm-none-eabi/newlib/lib/thumb/v7e-m/fpv4-sp/hard/crt0.o
LOAD ./Generated_Code/Cpu.o
LOAD ./Generated_Code/Flash1.o
LOAD ./Generated_Code/canCom1.o
LOAD ./Generated_Code/clockMan1.o
LOAD ./Generated_Code/dmaController1.o
LOAD ./Generated_Code/lpTmr1.o
LOAD ./Generated_Code/pin_mux.o
LOAD ./Project_Settings/Startup_Code/startup_S32K144.o
LOAD ./SDK/platform/devices/S32K144/startup/system_S32K144.o
LOAD ./SDK/platform/devices/startup.o
LOAD ./SDK/platform/drivers/src/clock/S32K1xx/clock_S32K1xx.o
LOAD ./SDK/platform/drivers/src/edma/edma_driver.o
LOAD ./SDK/platform/drivers/src/edma/edma_hw_access.o
LOAD ./SDK/platform/drivers/src/edma/edma_irq.o
LOAD ./SDK/platform/drivers/src/flash/flash_driver.o
LOAD ./SDK/platform/drivers/src/flexcan/flexcan_driver.o
LOAD ./SDK/platform/drivers/src/flexcan/flexcan_hw_access.o
LOAD ./SDK/platform/drivers/src/flexcan/flexcan_irq.o
LOAD ./SDK/platform/drivers/src/interrupt/interrupt_manager.o
LOAD ./SDK/platform/drivers/src/lptmr/lptmr_driver.o
LOAD ./SDK/platform/drivers/src/lptmr/lptmr_hw_access.o
LOAD ./SDK/platform/drivers/src/pins/pins_driver.o
LOAD ./SDK/platform/drivers/src/pins/pins_port_hw_access.o
LOAD ./SDK/rtos/osif/osif_baremetal.o
LOAD ./Sources/CANTP.o
LOAD ./Sources/CAN_standard.o
LOAD ./Sources/DTC.o
LOAD ./Sources/UDS_ECU.o
LOAD ./Sources/main.o
START GROUP
LOAD e:/nxp/s32ds/build_tools/gcc_v6.3/gcc-6.3-arm32-eabi/bin/../lib/gcc/arm-none-eabi/6.3.1/thumb/v7e-m/fpv4-sp/hard\libgcc.a
LOAD E:/NXP/S32DS/build_tools/gcc_v6.3/gcc-6.3-arm32-eabi/arm-none-eabi/newlib/lib/thumb/v7e-m/fpv4-sp/hard\libc_nano.a
END GROUP
START GROUP
LOAD e:/nxp/s32ds/build_tools/gcc_v6.3/gcc-6.3-arm32-eabi/bin/../lib/gcc/arm-none-eabi/6.3.1/thumb/v7e-m/fpv4-sp/hard\libgcc.a
LOAD E:/NXP/S32DS/build_tools/gcc_v6.3/gcc-6.3-arm32-eabi/arm-none-eabi/newlib/lib/thumb/v7e-m/fpv4-sp/hard\libc_nano.a
LOAD E:/NXP/S32DS/build_tools/gcc_v6.3/gcc-6.3-arm32-eabi/arm-none-eabi/newlib/lib/thumb/v7e-m/fpv4-sp/hard\libnosys.a
END GROUP
START GROUP
LOAD e:/nxp/s32ds/build_tools/gcc_v6.3/gcc-6.3-arm32-eabi/bin/../lib/gcc/arm-none-eabi/6.3.1/thumb/v7e-m/fpv4-sp/hard\libgcc.a
LOAD E:/NXP/S32DS/build_tools/gcc_v6.3/gcc-6.3-arm32-eabi/arm-none-eabi/newlib/lib/thumb/v7e-m/fpv4-sp/hard\libc_nano.a
LOAD E:/NXP/S32DS/build_tools/gcc_v6.3/gcc-6.3-arm32-eabi/arm-none-eabi/newlib/lib/thumb/v7e-m/fpv4-sp/hard\libnosys.a
END GROUP
LOAD e:/nxp/s32ds/build_tools/gcc_v6.3/gcc-6.3-arm32-eabi/bin/../lib/gcc/arm-none-eabi/6.3.1/thumb/v7e-m/fpv4-sp/hard/crtend.o
LOAD e:/nxp/s32ds/build_tools/gcc_v6.3/gcc-6.3-arm32-eabi/bin/../lib/gcc/arm-none-eabi/6.3.1/thumb/v7e-m/fpv4-sp/hard/crtn.o
                0x00000400                HEAP_SIZE = DEFINED (__heap_size__)?__heap_size__:0x400
                0x00000400                STACK_SIZE = DEFINED (__stack_size__)?__stack_size__:0x400

.interrupts     0x1fff8000      0x400
                0x1fff8000                __VECTOR_TABLE = .
                0x1fff8000                __interrupts_start__ = .
                0x1fff8000                . = ALIGN (0x4)
 *(.isr_vector)
 .isr_vector    0x1fff8000      0x400 ./Project_Settings/Startup_Code/startup_S32K144.o
                0x1fff8000                __isr_vector
                0x1fff8400                __interrupts_end__ = .
                0x1fff8400                . = ALIGN (0x4)
                0x1fff8000                __VECTOR_RAM = __VECTOR_TABLE
                0x00000000                __RAM_VECTOR_TABLE_SIZE = 0x0

.text           0x1fff8400     0x4480
                0x1fff8400                . = ALIGN (0x4)
 *(.text)
 .text          0x1fff8400       0x4c ./Project_Settings/Startup_Code/startup_S32K144.o
                0x1fff8400                Reset_Handler
                0x1fff8448                DebugMon_Handler
                0x1fff8448                Reserved88_IRQHandler
                0x1fff8448                HardFault_Handler
                0x1fff8448                Reserved86_IRQHandler
                0x1fff8448                Reserved103_IRQHandler
                0x1fff8448                FTM2_Ovf_Reload_IRQHandler
                0x1fff8448                Reserved50_IRQHandler
                0x1fff8448                FTFC_Fault_IRQHandler
                0x1fff8448                FTM0_Ch6_Ch7_IRQHandler
                0x1fff8448                Reserved114_IRQHandler
                0x1fff8448                PendSV_Handler
                0x1fff8448                NMI_Handler
                0x1fff8448                Reserved89_IRQHandler
                0x1fff8448                ERM_double_fault_IRQHandler
                0x1fff8448                Reserved59_IRQHandler
                0x1fff8448                LPIT0_Ch0_IRQHandler
                0x1fff8448                Reserved99_IRQHandler
                0x1fff8448                FTM3_Ch6_Ch7_IRQHandler
                0x1fff8448                LPIT0_Ch3_IRQHandler
                0x1fff8448                Reserved92_IRQHandler
                0x1fff8448                FTM0_Ch4_Ch5_IRQHandler
                0x1fff8448                FTM3_Ch0_Ch1_IRQHandler
                0x1fff8448                SWI_IRQHandler
                0x1fff8448                ADC0_IRQHandler
                0x1fff8448                FTM2_Ch4_Ch5_IRQHandler
                0x1fff8448                UsageFault_Handler
                0x1fff8448                FTM0_Ovf_Reload_IRQHandler
                0x1fff8448                DefaultISR
                0x1fff8448                Reserved58_IRQHandler
                0x1fff8448                FTM1_Ch2_Ch3_IRQHandler
                0x1fff8448                Reserved82_IRQHandler
                0x1fff8448                LPI2C0_Slave_IRQHandler
                0x1fff8448                Reserved71_IRQHandler
                0x1fff8448                PORTD_IRQHandler
                0x1fff8448                Reserved69_IRQHandler
                0x1fff8448                PORTB_IRQHandler
                0x1fff8448                Reserved70_IRQHandler
                0x1fff8448                ADC1_IRQHandler
                0x1fff8448                FTM2_Ch2_Ch3_IRQHandler
                0x1fff8448                Reserved53_IRQHandler
                0x1fff8448                RTC_IRQHandler
                0x1fff8448                PDB0_IRQHandler
                0x1fff8448                Reserved54_IRQHandler
                0x1fff8448                FTM2_Ch6_Ch7_IRQHandler
                0x1fff8448                FTM3_Ch2_Ch3_IRQHandler
                0x1fff8448                FTM2_Ch0_Ch1_IRQHandler
                0x1fff8448                LPSPI1_IRQHandler
                0x1fff8448                LPUART1_RxTx_IRQHandler
                0x1fff8448                RTC_Seconds_IRQHandler
                0x1fff8448                Reserved72_IRQHandler
                0x1fff8448                Reserved110_IRQHandler
                0x1fff8448                Reserved107_IRQHandler
                0x1fff8448                Read_Collision_IRQHandler
                0x1fff8448                FTFC_IRQHandler
                0x1fff8448                FTM1_Ch6_Ch7_IRQHandler
                0x1fff8448                Reserved105_IRQHandler
                0x1fff8448                LPIT0_Ch1_IRQHandler
                0x1fff8448                FTM1_Ch4_Ch5_IRQHandler
                0x1fff8448                FTM3_Ovf_Reload_IRQHandler
                0x1fff8448                LPUART2_RxTx_IRQHandler
                0x1fff8448                LPSPI0_IRQHandler
                0x1fff8448                WDOG_EWM_IRQHandler
                0x1fff8448                MemManage_Handler
                0x1fff8448                Reserved90_IRQHandler
                0x1fff8448                Reserved83_IRQHandler
                0x1fff8448                FTM0_Fault_IRQHandler
                0x1fff8448                Reserved48_IRQHandler
                0x1fff8448                SVC_Handler
                0x1fff8448                ERM_single_fault_IRQHandler
                0x1fff8448                FTM2_Fault_IRQHandler
                0x1fff8448                FTM0_Ch2_Ch3_IRQHandler
                0x1fff8448                FTM0_Ch0_Ch1_IRQHandler
                0x1fff8448                FTM3_Fault_IRQHandler
                0x1fff8448                RCM_IRQHandler
                0x1fff8448                Reserved100_IRQHandler
                0x1fff8448                Reserved91_IRQHandler
                0x1fff8448                SCG_IRQHandler
                0x1fff8448                PDB1_IRQHandler
                0x1fff8448                Reserved81_IRQHandler
                0x1fff8448                Reserved46_IRQHandler
                0x1fff8448                Reserved45_IRQHandler
                0x1fff8448                Reserved112_IRQHandler
                0x1fff8448                LPI2C0_Master_IRQHandler
                0x1fff8448                FTM1_Fault_IRQHandler
                0x1fff8448                Reserved106_IRQHandler
                0x1fff8448                LVD_LVW_IRQHandler
                0x1fff8448                LPIT0_Ch2_IRQHandler
                0x1fff8448                PORTA_IRQHandler
                0x1fff8448                MCM_IRQHandler
                0x1fff8448                LPSPI2_IRQHandler
                0x1fff8448                FTM3_Ch4_Ch5_IRQHandler
                0x1fff8448                PORTE_IRQHandler
                0x1fff8448                LPUART0_RxTx_IRQHandler
                0x1fff8448                LPTMR0_IRQHandler
                0x1fff8448                BusFault_Handler
                0x1fff8448                Reserved87_IRQHandler
                0x1fff8448                FTM1_Ovf_Reload_IRQHandler
                0x1fff8448                Reserved93_IRQHandler
                0x1fff8448                CMP0_IRQHandler
                0x1fff8448                Reserved52_IRQHandler
                0x1fff8448                PORTC_IRQHandler
                0x1fff8448                FTM1_Ch0_Ch1_IRQHandler
                0x1fff8448                FLEXIO_IRQHandler
                0x1fff8448                Reserved113_IRQHandler
 .text          0x1fff844c       0x30 e:/nxp/s32ds/build_tools/gcc_v6.3/gcc-6.3-arm32-eabi/bin/../lib/gcc/arm-none-eabi/6.3.1/thumb/v7e-m/fpv4-sp/hard\libgcc.a(_aeabi_uldivmod.o)
                0x1fff844c                __aeabi_uldivmod
 .text          0x1fff847c      0x2e4 e:/nxp/s32ds/build_tools/gcc_v6.3/gcc-6.3-arm32-eabi/bin/../lib/gcc/arm-none-eabi/6.3.1/thumb/v7e-m/fpv4-sp/hard\libgcc.a(_udivmoddi4.o)
                0x1fff847c                __udivmoddi4
 .text          0x1fff8760        0x4 e:/nxp/s32ds/build_tools/gcc_v6.3/gcc-6.3-arm32-eabi/bin/../lib/gcc/arm-none-eabi/6.3.1/thumb/v7e-m/fpv4-sp/hard\libgcc.a(_dvmd_tls.o)
                0x1fff8760                __aeabi_idiv0
                0x1fff8760                __aeabi_ldiv0
 *(.text*)
 .text.SystemInit
                0x1fff8764       0x3c ./SDK/platform/devices/S32K144/startup/system_S32K144.o
                0x1fff8764                SystemInit
 .text.init_data_bss
                0x1fff87a0       0xd8 ./SDK/platform/devices/startup.o
                0x1fff87a0                init_data_bss
 .text.CLOCK_SYS_GetCurrentRunMode
                0x1fff8878       0x24 ./SDK/platform/drivers/src/clock/S32K1xx/clock_S32K1xx.o
 .text.CLOCK_SYS_GetSysOscFreq
                0x1fff889c       0x1c ./SDK/platform/drivers/src/clock/S32K1xx/clock_S32K1xx.o
 .text.CLOCK_SYS_ConfigureSOSC
                0x1fff88b8      0x12c ./SDK/platform/drivers/src/clock/S32K1xx/clock_S32K1xx.o
 .text.CLOCK_SYS_GetSircFreq
                0x1fff89e4       0x2c ./SDK/platform/drivers/src/clock/S32K1xx/clock_S32K1xx.o
 .text.CLOCK_SYS_ConfigureSIRC
                0x1fff8a10       0xc4 ./SDK/platform/drivers/src/clock/S32K1xx/clock_S32K1xx.o
 .text.CLOCK_SYS_GetFircFreq
                0x1fff8ad4       0x20 ./SDK/platform/drivers/src/clock/S32K1xx/clock_S32K1xx.o
 .text.CLOCK_SYS_ConfigureFIRC
                0x1fff8af4       0xb4 ./SDK/platform/drivers/src/clock/S32K1xx/clock_S32K1xx.o
 .text.CLOCK_SYS_GetSysPllFreq
                0x1fff8ba8       0x44 ./SDK/platform/drivers/src/clock/S32K1xx/clock_S32K1xx.o
 .text.CLOCK_SYS_ConfigureSPLL
                0x1fff8bec      0x104 ./SDK/platform/drivers/src/clock/S32K1xx/clock_S32K1xx.o
 .text.CLOCK_SYS_SetSystemClockConfig
                0x1fff8cf0      0x1e4 ./SDK/platform/drivers/src/clock/S32K1xx/clock_S32K1xx.o
 .text.CLOCK_SYS_TransitionSystemClock
                0x1fff8ed4       0x3c ./SDK/platform/drivers/src/clock/S32K1xx/clock_S32K1xx.o
 .text.CLOCK_SYS_GetSystemClockFreq
                0x1fff8f10       0x78 ./SDK/platform/drivers/src/clock/S32K1xx/clock_S32K1xx.o
 .text.CLOCK_SYS_GetScgClkOutFreq
                0x1fff8f88       0x44 ./SDK/platform/drivers/src/clock/S32K1xx/clock_S32K1xx.o
 .text.CLOCK_SYS_GetSysAsyncFreq
                0x1fff8fcc       0xd4 ./SDK/platform/drivers/src/clock/S32K1xx/clock_S32K1xx.o
 .text.CLOCK_SYS_GetSimRtcClkFreq
                0x1fff90a0       0x50 ./SDK/platform/drivers/src/clock/S32K1xx/clock_S32K1xx.o
 .text.CLOCK_SYS_GetPeripheralClock
                0x1fff90f0       0x78 ./SDK/platform/drivers/src/clock/S32K1xx/clock_S32K1xx.o
 .text.CLOCK_SYS_GetLpoFreq
                0x1fff9168       0x4c ./SDK/platform/drivers/src/clock/S32K1xx/clock_S32K1xx.o
 .text.CLOCK_SYS_GetSimClkOutFreq
                0x1fff91b4       0x98 ./SDK/platform/drivers/src/clock/S32K1xx/clock_S32K1xx.o
 .text.CLOCK_DRV_Init
                0x1fff924c      0x598 ./SDK/platform/drivers/src/clock/S32K1xx/clock_S32K1xx.o
                0x1fff924c                CLOCK_DRV_Init
 .text.CLOCK_DRV_GetFreq
                0x1fff97e4      0x3b0 ./SDK/platform/drivers/src/clock/S32K1xx/clock_S32K1xx.o
                0x1fff97e4                CLOCK_DRV_GetFreq
 .text.CLOCK_SYS_Init
                0x1fff9b94       0x1c ./SDK/platform/drivers/src/clock/S32K1xx/clock_S32K1xx.o
                0x1fff9b94                CLOCK_SYS_Init
 .text.CLOCK_SYS_UpdateConfiguration
                0x1fff9bb0       0xe8 ./SDK/platform/drivers/src/clock/S32K1xx/clock_S32K1xx.o
                0x1fff9bb0                CLOCK_SYS_UpdateConfiguration
 .text.CLOCK_SYS_GetFreq
                0x1fff9c98        0x8 ./SDK/platform/drivers/src/clock/S32K1xx/clock_S32K1xx.o
                0x1fff9c98                CLOCK_SYS_GetFreq
 .text.EDMA_DRV_IRQHandler
                0x1fff9ca0       0x2c ./SDK/platform/drivers/src/edma/edma_driver.o
                0x1fff9ca0                EDMA_DRV_IRQHandler
 .text.EDMA_DRV_ErrorIRQHandler
                0x1fff9ccc       0x3c ./SDK/platform/drivers/src/edma/edma_driver.o
                0x1fff9ccc                EDMA_DRV_ErrorIRQHandler
 .text.EDMA_DRV_StopChannel
                0x1fff9d08       0x18 ./SDK/platform/drivers/src/edma/edma_driver.o
                0x1fff9d08                EDMA_DRV_StopChannel
 .text.EDMA_DRV_GetDmaRegBaseAddr
                0x1fff9d20        0x8 ./SDK/platform/drivers/src/edma/edma_driver.o
                0x1fff9d20                EDMA_DRV_GetDmaRegBaseAddr
 .text.EDMA_SetDmaRequestCmd
                0x1fff9d28        0xa ./SDK/platform/drivers/src/edma/edma_hw_access.o
                0x1fff9d28                EDMA_SetDmaRequestCmd
 .text.DMA0_IRQHandler
                0x1fff9d32        0xa ./SDK/platform/drivers/src/edma/edma_irq.o
                0x1fff9d32                DMA0_IRQHandler
 .text.DMA1_IRQHandler
                0x1fff9d3c        0xa ./SDK/platform/drivers/src/edma/edma_irq.o
                0x1fff9d3c                DMA1_IRQHandler
 .text.DMA2_IRQHandler
                0x1fff9d46        0xa ./SDK/platform/drivers/src/edma/edma_irq.o
                0x1fff9d46                DMA2_IRQHandler
 .text.DMA3_IRQHandler
                0x1fff9d50        0xa ./SDK/platform/drivers/src/edma/edma_irq.o
                0x1fff9d50                DMA3_IRQHandler
 .text.DMA4_IRQHandler
                0x1fff9d5a        0xa ./SDK/platform/drivers/src/edma/edma_irq.o
                0x1fff9d5a                DMA4_IRQHandler
 .text.DMA5_IRQHandler
                0x1fff9d64        0xa ./SDK/platform/drivers/src/edma/edma_irq.o
                0x1fff9d64                DMA5_IRQHandler
 .text.DMA6_IRQHandler
                0x1fff9d6e        0xa ./SDK/platform/drivers/src/edma/edma_irq.o
                0x1fff9d6e                DMA6_IRQHandler
 .text.DMA7_IRQHandler
                0x1fff9d78        0xa ./SDK/platform/drivers/src/edma/edma_irq.o
                0x1fff9d78                DMA7_IRQHandler
 .text.DMA8_IRQHandler
                0x1fff9d82        0xa ./SDK/platform/drivers/src/edma/edma_irq.o
                0x1fff9d82                DMA8_IRQHandler
 .text.DMA9_IRQHandler
                0x1fff9d8c        0xa ./SDK/platform/drivers/src/edma/edma_irq.o
                0x1fff9d8c                DMA9_IRQHandler
 .text.DMA10_IRQHandler
                0x1fff9d96        0xa ./SDK/platform/drivers/src/edma/edma_irq.o
                0x1fff9d96                DMA10_IRQHandler
 .text.DMA11_IRQHandler
                0x1fff9da0        0xa ./SDK/platform/drivers/src/edma/edma_irq.o
                0x1fff9da0                DMA11_IRQHandler
 .text.DMA12_IRQHandler
                0x1fff9daa        0xa ./SDK/platform/drivers/src/edma/edma_irq.o
                0x1fff9daa                DMA12_IRQHandler
 .text.DMA13_IRQHandler
                0x1fff9db4        0xa ./SDK/platform/drivers/src/edma/edma_irq.o
                0x1fff9db4                DMA13_IRQHandler
 .text.DMA14_IRQHandler
                0x1fff9dbe        0xa ./SDK/platform/drivers/src/edma/edma_irq.o
                0x1fff9dbe                DMA14_IRQHandler
 .text.DMA15_IRQHandler
                0x1fff9dc8        0xa ./SDK/platform/drivers/src/edma/edma_irq.o
                0x1fff9dc8                DMA15_IRQHandler
 .text.DMA_Error_IRQHandler
                0x1fff9dd2       0x28 ./SDK/platform/drivers/src/edma/edma_irq.o
                0x1fff9dd2                DMA_Error_IRQHandler
 *fill*         0x1fff9dfa        0x2 
 .text.FLASH_DRV_Init
                0x1fff9dfc       0xcc ./SDK/platform/drivers/src/flash/flash_driver.o
                0x1fff9dfc                FLASH_DRV_Init
 .text.FLASH_DRV_EraseSector
                0x1fff9ec8       0x98 ./SDK/platform/drivers/src/flash/flash_driver.o
                0x1fff9ec8                FLASH_DRV_EraseSector
 .text.FLASH_DRV_VerifySection
                0x1fff9f60       0x6c ./SDK/platform/drivers/src/flash/flash_driver.o
                0x1fff9f60                FLASH_DRV_VerifySection
 .text.FLASH_DRV_Program
                0x1fff9fcc       0xb8 ./SDK/platform/drivers/src/flash/flash_driver.o
                0x1fff9fcc                FLASH_DRV_Program
 .text.FLASH_DRV_ProgramCheck
                0x1fffa084       0xec ./SDK/platform/drivers/src/flash/flash_driver.o
                0x1fffa084                FLASH_DRV_ProgramCheck
 .text.FLEXCAN_StartSendData
                0x1fffa170       0xa4 ./SDK/platform/drivers/src/flexcan/flexcan_driver.o
 .text.FLEXCAN_StartRxMessageBufferData
                0x1fffa214       0x80 ./SDK/platform/drivers/src/flexcan/flexcan_driver.o
 .text.FLEXCAN_CompleteRxMessageFifoData
                0x1fffa294       0xb0 ./SDK/platform/drivers/src/flexcan/flexcan_driver.o
 .text.FLEXCAN_CompleteTransfer
                0x1fffa344       0x38 ./SDK/platform/drivers/src/flexcan/flexcan_driver.o
 .text.FLEXCAN_DRV_Init
                0x1fffa37c      0x2c4 ./SDK/platform/drivers/src/flexcan/flexcan_driver.o
                0x1fffa37c                FLEXCAN_DRV_Init
 .text.FLEXCAN_DRV_ConfigTxMb
                0x1fffa640       0x40 ./SDK/platform/drivers/src/flexcan/flexcan_driver.o
                0x1fffa640                FLEXCAN_DRV_ConfigTxMb
 .text.FLEXCAN_DRV_Send
                0x1fffa680       0x34 ./SDK/platform/drivers/src/flexcan/flexcan_driver.o
                0x1fffa680                FLEXCAN_DRV_Send
 .text.FLEXCAN_DRV_ConfigRxMb
                0x1fffa6b4       0x68 ./SDK/platform/drivers/src/flexcan/flexcan_driver.o
                0x1fffa6b4                FLEXCAN_DRV_ConfigRxMb
 .text.FLEXCAN_DRV_Receive
                0x1fffa71c        0xa ./SDK/platform/drivers/src/flexcan/flexcan_driver.o
                0x1fffa71c                FLEXCAN_DRV_Receive
 *fill*         0x1fffa726        0x2 
 .text.FLEXCAN_Error_IRQHandler
                0x1fffa728       0x28 ./SDK/platform/drivers/src/flexcan/flexcan_driver.o
                0x1fffa728                FLEXCAN_Error_IRQHandler
 .text.FLEXCAN_WakeUpHandler
                0x1fffa750       0x6c ./SDK/platform/drivers/src/flexcan/flexcan_driver.o
                0x1fffa750                FLEXCAN_WakeUpHandler
 .text.FLEXCAN_IRQHandler
                0x1fffa7bc      0x1b8 ./SDK/platform/drivers/src/flexcan/flexcan_driver.o
                0x1fffa7bc                FLEXCAN_IRQHandler
 .text.FLEXCAN_DRV_GetErrorStatus
                0x1fffa974       0x10 ./SDK/platform/drivers/src/flexcan/flexcan_driver.o
                0x1fffa974                FLEXCAN_DRV_GetErrorStatus
 .text.FLEXCAN_DRV_AbortTransfer
                0x1fffa984      0x154 ./SDK/platform/drivers/src/flexcan/flexcan_driver.o
                0x1fffa984                FLEXCAN_DRV_AbortTransfer
 .text.FLEXCAN_DRV_InstallEventCallback
                0x1fffaad8       0x14 ./SDK/platform/drivers/src/flexcan/flexcan_driver.o
                0x1fffaad8                FLEXCAN_DRV_InstallEventCallback
 .text.FLEXCAN_DRV_InstallErrorCallback
                0x1fffaaec       0x94 ./SDK/platform/drivers/src/flexcan/flexcan_driver.o
                0x1fffaaec                FLEXCAN_DRV_InstallErrorCallback
 .text.FLEXCAN_ComputePayloadSize
                0x1fffab80       0x36 ./SDK/platform/drivers/src/flexcan/flexcan_hw_access.o
 *fill*         0x1fffabb6        0x2 
 .text.FLEXCAN_GetMaxMbNum
                0x1fffabb8       0x2c ./SDK/platform/drivers/src/flexcan/flexcan_hw_access.o
                0x1fffabb8                FLEXCAN_GetMaxMbNum
 .text.FLEXCAN_Enable
                0x1fffabe4       0x2a ./SDK/platform/drivers/src/flexcan/flexcan_hw_access.o
                0x1fffabe4                FLEXCAN_Enable
 .text.FLEXCAN_Disable
                0x1fffac0e       0x18 ./SDK/platform/drivers/src/flexcan/flexcan_hw_access.o
                0x1fffac0e                FLEXCAN_Disable
 *fill*         0x1fffac26        0x2 
 .text.FLEXCAN_Init
                0x1fffac28       0x68 ./SDK/platform/drivers/src/flexcan/flexcan_hw_access.o
                0x1fffac28                FLEXCAN_Init
 .text.FLEXCAN_EnableRxFifo
                0x1fffac90       0x54 ./SDK/platform/drivers/src/flexcan/flexcan_hw_access.o
                0x1fffac90                FLEXCAN_EnableRxFifo
 .text.FLEXCAN_SetMsgBuffIntCmd
                0x1ffface4       0x3c ./SDK/platform/drivers/src/flexcan/flexcan_hw_access.o
                0x1ffface4                FLEXCAN_SetMsgBuffIntCmd
 .text.FLEXCAN_SetErrIntCmd
                0x1fffad20       0x5a ./SDK/platform/drivers/src/flexcan/flexcan_hw_access.o
                0x1fffad20                FLEXCAN_SetErrIntCmd
 .text.FLEXCAN_ExitFreezeMode
                0x1fffad7a       0x1a ./SDK/platform/drivers/src/flexcan/flexcan_hw_access.o
                0x1fffad7a                FLEXCAN_ExitFreezeMode
 .text.FLEXCAN_EnterFreezeMode
                0x1fffad94       0x40 ./SDK/platform/drivers/src/flexcan/flexcan_hw_access.o
                0x1fffad94                FLEXCAN_EnterFreezeMode
 .text.FLEXCAN_ClearErrIntStatusFlag
                0x1fffadd4       0x14 ./SDK/platform/drivers/src/flexcan/flexcan_hw_access.o
                0x1fffadd4                FLEXCAN_ClearErrIntStatusFlag
 .text.FLEXCAN_ReadRxFifo
                0x1fffade8       0x56 ./SDK/platform/drivers/src/flexcan/flexcan_hw_access.o
                0x1fffade8                FLEXCAN_ReadRxFifo
 .text.FLEXCAN_SetOperationMode
                0x1fffae3e       0x5e ./SDK/platform/drivers/src/flexcan/flexcan_hw_access.o
                0x1fffae3e                FLEXCAN_SetOperationMode
 .text.FLEXCAN_SetPayloadSize
                0x1fffae9c       0x1a ./SDK/platform/drivers/src/flexcan/flexcan_hw_access.o
                0x1fffae9c                FLEXCAN_SetPayloadSize
 .text.FLEXCAN_GetPayloadSize
                0x1fffaeb6       0x20 ./SDK/platform/drivers/src/flexcan/flexcan_hw_access.o
                0x1fffaeb6                FLEXCAN_GetPayloadSize
 .text.FLEXCAN_GetMsgBuffRegion
                0x1fffaed6       0x30 ./SDK/platform/drivers/src/flexcan/flexcan_hw_access.o
                0x1fffaed6                FLEXCAN_GetMsgBuffRegion
 *fill*         0x1fffaf06        0x2 
 .text.FLEXCAN_SetTxMsgBuff
                0x1fffaf08      0x180 ./SDK/platform/drivers/src/flexcan/flexcan_hw_access.o
                0x1fffaf08                FLEXCAN_SetTxMsgBuff
 .text.FLEXCAN_AbortTxMsgBuff
                0x1fffb088       0x14 ./SDK/platform/drivers/src/flexcan/flexcan_hw_access.o
                0x1fffb088                FLEXCAN_AbortTxMsgBuff
 .text.FLEXCAN_ResetRxMsgBuff
                0x1fffb09c       0x16 ./SDK/platform/drivers/src/flexcan/flexcan_hw_access.o
                0x1fffb09c                FLEXCAN_ResetRxMsgBuff
 *fill*         0x1fffb0b2        0x2 
 .text.FLEXCAN_SetRxMsgBuff
                0x1fffb0b4       0xc8 ./SDK/platform/drivers/src/flexcan/flexcan_hw_access.o
                0x1fffb0b4                FLEXCAN_SetRxMsgBuff
 .text.FLEXCAN_GetMsgBuff
                0x1fffb17c       0x96 ./SDK/platform/drivers/src/flexcan/flexcan_hw_access.o
                0x1fffb17c                FLEXCAN_GetMsgBuff
 .text.FLEXCAN_LockRxMsgBuff
                0x1fffb212        0xa ./SDK/platform/drivers/src/flexcan/flexcan_hw_access.o
                0x1fffb212                FLEXCAN_LockRxMsgBuff
 .text.FLEXCAN_SetMaxMsgBuffNum
                0x1fffb21c       0x9c ./SDK/platform/drivers/src/flexcan/flexcan_hw_access.o
                0x1fffb21c                FLEXCAN_SetMaxMsgBuffNum
 .text.CAN0_ORed_IRQHandler
                0x1fffb2b8        0xa ./SDK/platform/drivers/src/flexcan/flexcan_irq.o
                0x1fffb2b8                CAN0_ORed_IRQHandler
 .text.CAN0_Error_IRQHandler
                0x1fffb2c2        0xa ./SDK/platform/drivers/src/flexcan/flexcan_irq.o
                0x1fffb2c2                CAN0_Error_IRQHandler
 .text.CAN0_Wake_Up_IRQHandler
                0x1fffb2cc        0xa ./SDK/platform/drivers/src/flexcan/flexcan_irq.o
                0x1fffb2cc                CAN0_Wake_Up_IRQHandler
 .text.CAN0_ORed_0_15_MB_IRQHandler
                0x1fffb2d6        0xa ./SDK/platform/drivers/src/flexcan/flexcan_irq.o
                0x1fffb2d6                CAN0_ORed_0_15_MB_IRQHandler
 .text.CAN0_ORed_16_31_MB_IRQHandler
                0x1fffb2e0        0xa ./SDK/platform/drivers/src/flexcan/flexcan_irq.o
                0x1fffb2e0                CAN0_ORed_16_31_MB_IRQHandler
 .text.CAN1_ORed_IRQHandler
                0x1fffb2ea        0xa ./SDK/platform/drivers/src/flexcan/flexcan_irq.o
                0x1fffb2ea                CAN1_ORed_IRQHandler
 .text.CAN1_Error_IRQHandler
                0x1fffb2f4        0xa ./SDK/platform/drivers/src/flexcan/flexcan_irq.o
                0x1fffb2f4                CAN1_Error_IRQHandler
 .text.CAN1_ORed_0_15_MB_IRQHandler
                0x1fffb2fe        0xa ./SDK/platform/drivers/src/flexcan/flexcan_irq.o
                0x1fffb2fe                CAN1_ORed_0_15_MB_IRQHandler
 .text.CAN2_ORed_IRQHandler
                0x1fffb308        0xa ./SDK/platform/drivers/src/flexcan/flexcan_irq.o
                0x1fffb308                CAN2_ORed_IRQHandler
 .text.CAN2_Error_IRQHandler
                0x1fffb312        0xa ./SDK/platform/drivers/src/flexcan/flexcan_irq.o
                0x1fffb312                CAN2_Error_IRQHandler
 .text.CAN2_ORed_0_15_MB_IRQHandler
                0x1fffb31c        0xa ./SDK/platform/drivers/src/flexcan/flexcan_irq.o
                0x1fffb31c                CAN2_ORed_0_15_MB_IRQHandler
 *fill*         0x1fffb326        0x2 
 .text.INT_SYS_InstallHandler
                0x1fffb328       0x40 ./SDK/platform/drivers/src/interrupt/interrupt_manager.o
                0x1fffb328                INT_SYS_InstallHandler
 .text.INT_SYS_EnableIRQ
                0x1fffb368       0x18 ./SDK/platform/drivers/src/interrupt/interrupt_manager.o
                0x1fffb368                INT_SYS_EnableIRQ
 .text.INT_SYS_EnableIRQGlobal
                0x1fffb380       0x1c ./SDK/platform/drivers/src/interrupt/interrupt_manager.o
                0x1fffb380                INT_SYS_EnableIRQGlobal
 .text.INT_SYS_DisableIRQGlobal
                0x1fffb39c       0x10 ./SDK/platform/drivers/src/interrupt/interrupt_manager.o
                0x1fffb39c                INT_SYS_DisableIRQGlobal
 .text.lptmr_GetClkFreq
                0x1fffb3ac       0x32 ./SDK/platform/drivers/src/lptmr/lptmr_driver.o
 *fill*         0x1fffb3de        0x2 
 .text.LPTMR_DRV_SetConfig
                0x1fffb3e0      0x1d0 ./SDK/platform/drivers/src/lptmr/lptmr_driver.o
                0x1fffb3e0                LPTMR_DRV_SetConfig
 .text.LPTMR_DRV_Init
                0x1fffb5b0       0x20 ./SDK/platform/drivers/src/lptmr/lptmr_driver.o
                0x1fffb5b0                LPTMR_DRV_Init
 .text.LPTMR_DRV_ClearCompareFlag
                0x1fffb5d0       0x14 ./SDK/platform/drivers/src/lptmr/lptmr_driver.o
                0x1fffb5d0                LPTMR_DRV_ClearCompareFlag
 .text.LPTMR_DRV_StartCounter
                0x1fffb5e4       0x14 ./SDK/platform/drivers/src/lptmr/lptmr_driver.o
                0x1fffb5e4                LPTMR_DRV_StartCounter
 .text.LPTMR_Init
                0x1fffb5f8       0x12 ./SDK/platform/drivers/src/lptmr/lptmr_hw_access.o
                0x1fffb5f8                LPTMR_Init
 .text.PINS_DRV_Init
                0x1fffb60a       0x20 ./SDK/platform/drivers/src/pins/pins_driver.o
                0x1fffb60a                PINS_DRV_Init
 .text.PINS_DRV_SetPinsDirection
                0x1fffb62a        0x4 ./SDK/platform/drivers/src/pins/pins_driver.o
                0x1fffb62a                PINS_DRV_SetPinsDirection
 .text.PINS_DRV_SetPins
                0x1fffb62e        0x4 ./SDK/platform/drivers/src/pins/pins_driver.o
                0x1fffb62e                PINS_DRV_SetPins
 .text.PINS_DRV_ClearPins
                0x1fffb632        0x4 ./SDK/platform/drivers/src/pins/pins_driver.o
                0x1fffb632                PINS_DRV_ClearPins
 *fill*         0x1fffb636        0x2 
 .text.PINS_GetAdcInterleaveVal
                0x1fffb638       0x70 ./SDK/platform/drivers/src/pins/pins_port_hw_access.o
 .text.PINS_Init
                0x1fffb6a8      0x114 ./SDK/platform/drivers/src/pins/pins_port_hw_access.o
                0x1fffb6a8                PINS_Init
 .text.SysTick_Handler
                0x1fffb7bc       0x10 ./SDK/rtos/osif/osif_baremetal.o
                0x1fffb7bc                SysTick_Handler
 .text.OSIF_SemaPost
                0x1fffb7cc       0x26 ./SDK/rtos/osif/osif_baremetal.o
                0x1fffb7cc                OSIF_SemaPost
 .text.OSIF_SemaCreate
                0x1fffb7f2       0x14 ./SDK/rtos/osif/osif_baremetal.o
                0x1fffb7f2                OSIF_SemaCreate
 .text.OSIF_SemaDestroy
                0x1fffb806        0x4 ./SDK/rtos/osif/osif_baremetal.o
                0x1fffb806                OSIF_SemaDestroy
 .text.wait     0x1fffb80a       0x38 ./Sources/CANTP.o
                0x1fffb80a                wait
 .text.send_flow_control
                0x1fffb842       0x5a ./Sources/CANTP.o
                0x1fffb842                send_flow_control
 .text.receive_single_frame
                0x1fffb89c       0x3e ./Sources/CANTP.o
                0x1fffb89c                receive_single_frame
 *fill*         0x1fffb8da        0x2 
 .text.receive_first_frame
                0x1fffb8dc       0xec ./Sources/CANTP.o
                0x1fffb8dc                receive_first_frame
 .text.receive_flow_control
                0x1fffb9c8       0x12 ./Sources/CANTP.o
                0x1fffb9c8                receive_flow_control
 .text.receive_consecutive_frame
                0x1fffb9da       0x4a ./Sources/CANTP.o
                0x1fffb9da                receive_consecutive_frame
 .text.can_message
                0x1fffba24       0xea ./Sources/CANTP.o
                0x1fffba24                can_message
 *fill*         0x1fffbb0e        0x2 
 .text.can0_ErrorCallback
                0x1fffbb10       0x50 ./Sources/CAN_standard.o
                0x1fffbb10                can0_ErrorCallback
 .text.SendCANData
                0x1fffbb60       0x3a ./Sources/CAN_standard.o
                0x1fffbb60                SendCANData
 *fill*         0x1fffbb9a        0x2 
 .text.CANInit  0x1fffbb9c       0x5c ./Sources/CAN_standard.o
                0x1fffbb9c                CANInit
 .text.implementCode
                0x1fffbbf8       0x74 ./Sources/CAN_standard.o
                0x1fffbbf8                implementCode
 .text.can0_Callback
                0x1fffbc6c       0x48 ./Sources/CAN_standard.o
                0x1fffbc6c                can0_Callback
 .text.clearDiagnosticInfoHandler
                0x1fffbcb4        0x4 ./Sources/UDS_ECU.o
                0x1fffbcb4                clearDiagnosticInfoHandler
 .text.readDtcInfoHandler
                0x1fffbcb8        0x4 ./Sources/UDS_ECU.o
                0x1fffbcb8                readDtcInfoHandler
 .text.diagnosticSessionControlHandler
                0x1fffbcbc       0xa4 ./Sources/UDS_ECU.o
                0x1fffbcbc                diagnosticSessionControlHandler
 .text.readDataByIdentifierHandler
                0x1fffbd60       0xb4 ./Sources/UDS_ECU.o
                0x1fffbd60                readDataByIdentifierHandler
 .text.ecuResetHandler
                0x1fffbe14       0x70 ./Sources/UDS_ECU.o
                0x1fffbe14                ecuResetHandler
 .text.requestDownloadHandler
                0x1fffbe84       0x90 ./Sources/UDS_ECU.o
                0x1fffbe84                requestDownloadHandler
 .text.processUDSService
                0x1fffbf14       0xf8 ./Sources/UDS_ECU.o
                0x1fffbf14                processUDSService
 .text.generateSeed
                0x1fffc00c       0x34 ./Sources/UDS_ECU.o
                0x1fffc00c                generateSeed
 .text.securityAccessHandler
                0x1fffc040       0xde ./Sources/UDS_ECU.o
                0x1fffc040                securityAccessHandler
 *fill*         0x1fffc11e        0x2 
 .text.writeDataToDFlash
                0x1fffc120       0x34 ./Sources/UDS_ECU.o
                0x1fffc120                writeDataToDFlash
 .text.writeDataByIdentifierHandler
                0x1fffc154      0x100 ./Sources/UDS_ECU.o
                0x1fffc154                writeDataByIdentifierHandler
 .text.lptmrISR
                0x1fffc254        0xa ./Sources/main.o
                0x1fffc254                lptmrISR
 *fill*         0x1fffc25e        0x2 
 .text.GPIOInit
                0x1fffc260       0x28 ./Sources/main.o
                0x1fffc260                GPIOInit
 .text.main     0x1fffc288      0x100 ./Sources/main.o
                0x1fffc288                main
 .text.memcpy   0x1fffc388       0x16 E:/NXP/S32DS/build_tools/gcc_v6.3/gcc-6.3-arm32-eabi/arm-none-eabi/newlib/lib/thumb/v7e-m/fpv4-sp/hard\libc_nano.a(lib_a-memcpy-stub.o)
                0x1fffc388                memcpy
 *fill*         0x1fffc39e        0x2 
 .text.srand    0x1fffc3a0       0x50 E:/NXP/S32DS/build_tools/gcc_v6.3/gcc-6.3-arm32-eabi/arm-none-eabi/newlib/lib/thumb/v7e-m/fpv4-sp/hard\libc_nano.a(lib_a-rand.o)
                0x1fffc3a0                srand
 .text.rand     0x1fffc3f0       0x74 E:/NXP/S32DS/build_tools/gcc_v6.3/gcc-6.3-arm32-eabi/arm-none-eabi/newlib/lib/thumb/v7e-m/fpv4-sp/hard\libc_nano.a(lib_a-rand.o)
                0x1fffc3f0                rand
 .text.time     0x1fffc464       0x28 E:/NXP/S32DS/build_tools/gcc_v6.3/gcc-6.3-arm32-eabi/arm-none-eabi/newlib/lib/thumb/v7e-m/fpv4-sp/hard\libc_nano.a(lib_a-time.o)
                0x1fffc464                time
 .text._gettimeofday_r
                0x1fffc48c       0x24 E:/NXP/S32DS/build_tools/gcc_v6.3/gcc-6.3-arm32-eabi/arm-none-eabi/newlib/lib/thumb/v7e-m/fpv4-sp/hard\libc_nano.a(lib_a-gettimeofdayr.o)
                0x1fffc48c                _gettimeofday_r
 .text.malloc   0x1fffc4b0       0x10 E:/NXP/S32DS/build_tools/gcc_v6.3/gcc-6.3-arm32-eabi/arm-none-eabi/newlib/lib/thumb/v7e-m/fpv4-sp/hard\libc_nano.a(lib_a-malloc.o)
                0x1fffc4b0                malloc
 .text._malloc_r
                0x1fffc4c0       0xbc E:/NXP/S32DS/build_tools/gcc_v6.3/gcc-6.3-arm32-eabi/arm-none-eabi/newlib/lib/thumb/v7e-m/fpv4-sp/hard\libc_nano.a(lib_a-nano-mallocr.o)
                0x1fffc4c0                _malloc_r
 .text._sbrk_r  0x1fffc57c       0x20 E:/NXP/S32DS/build_tools/gcc_v6.3/gcc-6.3-arm32-eabi/arm-none-eabi/newlib/lib/thumb/v7e-m/fpv4-sp/hard\libc_nano.a(lib_a-sbrkr.o)
                0x1fffc57c                _sbrk_r
 .text.__malloc_lock
                0x1fffc59c        0x2 E:/NXP/S32DS/build_tools/gcc_v6.3/gcc-6.3-arm32-eabi/arm-none-eabi/newlib/lib/thumb/v7e-m/fpv4-sp/hard\libc_nano.a(lib_a-mlock.o)
                0x1fffc59c                __malloc_lock
 .text.__malloc_unlock
                0x1fffc59e        0x2 E:/NXP/S32DS/build_tools/gcc_v6.3/gcc-6.3-arm32-eabi/arm-none-eabi/newlib/lib/thumb/v7e-m/fpv4-sp/hard\libc_nano.a(lib_a-mlock.o)
                0x1fffc59e                __malloc_unlock
 .text._gettimeofday
                0x1fffc5a0       0x10 E:/NXP/S32DS/build_tools/gcc_v6.3/gcc-6.3-arm32-eabi/arm-none-eabi/newlib/lib/thumb/v7e-m/fpv4-sp/hard\libnosys.a(gettod.o)
                0x1fffc5a0                _gettimeofday
 .text._sbrk    0x1fffc5b0       0x1c E:/NXP/S32DS/build_tools/gcc_v6.3/gcc-6.3-arm32-eabi/arm-none-eabi/newlib/lib/thumb/v7e-m/fpv4-sp/hard\libnosys.a(sbrk.o)
                0x1fffc5b0                _sbrk
 *(.rodata)
 *(.rodata*)
 .rodata.Flash1_InitConfig0
                0x1fffc5cc       0x14 ./Generated_Code/Flash1.o
                0x1fffc5cc                Flash1_InitConfig0
 .rodata.canCom1_InitConfig0
                0x1fffc5e0       0x38 ./Generated_Code/canCom1.o
                0x1fffc5e0                canCom1_InitConfig0
 .rodata.lpTmr1_config0
                0x1fffc618       0x10 ./Generated_Code/lpTmr1.o
                0x1fffc618                lpTmr1_config0
 .rodata.clockNameMappings
                0x1fffc628       0x9e ./SDK/platform/drivers/src/clock/S32K1xx/clock_S32K1xx.o
                0x1fffc628                clockNameMappings
 *fill*         0x1fffc6c6        0x2 
 .rodata.maxSysClksInHSRUN.7598
                0x1fffc6c8       0x54 ./SDK/platform/drivers/src/clock/S32K1xx/clock_S32K1xx.o
 .rodata.maxSysClksInRUN.7597
                0x1fffc71c       0x54 ./SDK/platform/drivers/src/clock/S32K1xx/clock_S32K1xx.o
 .rodata.maxSysClksInVLPR.7596
                0x1fffc770       0x54 ./SDK/platform/drivers/src/clock/S32K1xx/clock_S32K1xx.o
 .rodata.peripheralFeaturesList
                0x1fffc7c4       0x4f ./SDK/platform/drivers/src/clock/S32K1xx/clock_S32K1xx.o
                0x1fffc7c4                peripheralFeaturesList
 *fill*         0x1fffc813        0x1 
 .rodata.g_flexcanBase
                0x1fffc814        0xc ./SDK/platform/drivers/src/flexcan/flexcan_driver.o
 .rodata.g_flexcanBusOffIrqId
                0x1fffc820        0x3 ./SDK/platform/drivers/src/flexcan/flexcan_driver.o
 *fill*         0x1fffc823        0x1 
 .rodata.g_flexcanErrorIrqId
                0x1fffc824        0x3 ./SDK/platform/drivers/src/flexcan/flexcan_driver.o
 *fill*         0x1fffc827        0x1 
 .rodata.g_flexcanOredMessageBufferIrqId
                0x1fffc828        0x6 ./SDK/platform/drivers/src/flexcan/flexcan_driver.o
 *fill*         0x1fffc82e        0x2 
 .rodata.g_flexcanWakeUpIrqId
                0x1fffc830        0x3 ./SDK/platform/drivers/src/flexcan/flexcan_driver.o
 *fill*         0x1fffc833        0x1 
 .rodata.payload_code.7344
                0x1fffc834       0x41 ./SDK/platform/drivers/src/flexcan/flexcan_hw_access.o
 *(.init)
 *fill*         0x1fffc875        0x3 
 .init          0x1fffc878        0x4 e:/nxp/s32ds/build_tools/gcc_v6.3/gcc-6.3-arm32-eabi/bin/../lib/gcc/arm-none-eabi/6.3.1/thumb/v7e-m/fpv4-sp/hard/crti.o
                0x1fffc878                _init
 *(.fini)
 .fini          0x1fffc87c        0x4 e:/nxp/s32ds/build_tools/gcc_v6.3/gcc-6.3-arm32-eabi/bin/../lib/gcc/arm-none-eabi/6.3.1/thumb/v7e-m/fpv4-sp/hard/crti.o
                0x1fffc87c                _fini
 *(.eh_frame)
                0x1fffc880                . = ALIGN (0x4)

.glue_7         0x1fffc880        0x0
 .glue_7        0x1fffc880        0x0 linker stubs

.glue_7t        0x1fffc880        0x0
 .glue_7t       0x1fffc880        0x0 linker stubs

.vfp11_veneer   0x1fffc880        0x0
 .vfp11_veneer  0x1fffc880        0x0 linker stubs

.v4_bx          0x1fffc880        0x0
 .v4_bx         0x1fffc880        0x0 linker stubs

.iplt           0x1fffc880        0x0
 .iplt          0x1fffc880        0x0 e:/nxp/s32ds/build_tools/gcc_v6.3/gcc-6.3-arm32-eabi/bin/../lib/gcc/arm-none-eabi/6.3.1/thumb/v7e-m/fpv4-sp/hard/crtbegin.o

.ARM            0x1fffc880        0x8
                0x1fffc880                __exidx_start = .
 *(.ARM.exidx*)
 .ARM.exidx     0x1fffc880        0x8 e:/nxp/s32ds/build_tools/gcc_v6.3/gcc-6.3-arm32-eabi/bin/../lib/gcc/arm-none-eabi/6.3.1/thumb/v7e-m/fpv4-sp/hard\libgcc.a(_udivmoddi4.o)
                0x1fffc888                __exidx_end = .

.code_ram       0x1fffc888       0x38
                0x1fffc888                . = ALIGN (0x4)
                0x1fffc888                __CODE_RAM = .
                0x1fffc888                __code_ram_start__ = .
 *(.code_ram)
 .code_ram      0x1fffc888       0x38 ./SDK/platform/drivers/src/flash/flash_driver.o
                0x1fffc8c0                __CODE_ROM = .
                0x1fffc8c0                __CODE_END = .
                0x1fffc8c0                __code_ram_end__ = .
                0x1fffc8c0                . = ALIGN (0x4)
                0x1fffc8c0                __etext = .
                0x1fffc8c0                __DATA_ROM = .
                0x1fffc8c0                __DATA_END = __DATA_ROM

.rel.dyn        0x1fffc8c0        0x0
 .rel.iplt      0x1fffc8c0        0x0 e:/nxp/s32ds/build_tools/gcc_v6.3/gcc-6.3-arm32-eabi/bin/../lib/gcc/arm-none-eabi/6.3.1/thumb/v7e-m/fpv4-sp/hard/crtbegin.o

.customSectionBlock
                0x20000000        0x0
                0x20000000                __customSection_start__ = .
 *(.customSection)
                0x20000000                __customSection_end__ = .
                0x20000000                __CUSTOM_ROM = .
                0x20000000                __CUSTOM_END = .

.data           0x20000000      0x3b4
                0x20000000                . = ALIGN (0x4)
                0x20000000                __DATA_RAM = .
                0x20000000                __data_start__ = .
 *(.data)
 *(.data*)
 .data.clockMan1_InitConfig0
                0x20000000       0x78 ./Generated_Code/clockMan1.o
                0x20000000                clockMan1_InitConfig0
 .data.g_clockManConfigsArr
                0x20000078        0x4 ./Generated_Code/clockMan1.o
                0x20000078                g_clockManConfigsArr
 .data.peripheralClockConfig0
                0x2000007c       0x32 ./Generated_Code/clockMan1.o
                0x2000007c                peripheralClockConfig0
 *fill*         0x200000ae        0x2 
 .data.g_pin_mux_InitConfigArr
                0x200000b0      0x120 ./Generated_Code/pin_mux.o
                0x200000b0                g_pin_mux_InitConfigArr
 .data.peripheralClockConfig.7360
                0x200001d0       0xa0 ./SDK/platform/drivers/src/clock/S32K1xx/clock_S32K1xx.o
 .data.dataInfo
                0x20000270        0xc ./Sources/CAN_standard.o
                0x20000270                dataInfo
 .data.serviceHandlers
                0x2000027c       0xd4 ./Sources/UDS_ECU.o
                0x2000027c                serviceHandlers
 .data._impure_ptr
                0x20000350        0x4 E:/NXP/S32DS/build_tools/gcc_v6.3/gcc-6.3-arm32-eabi/arm-none-eabi/newlib/lib/thumb/v7e-m/fpv4-sp/hard\libc_nano.a(lib_a-impure.o)
                0x20000350                _impure_ptr
 .data.impure_data
                0x20000354       0x60 E:/NXP/S32DS/build_tools/gcc_v6.3/gcc-6.3-arm32-eabi/arm-none-eabi/newlib/lib/thumb/v7e-m/fpv4-sp/hard\libc_nano.a(lib_a-impure.o)
                0x200003b4                . = ALIGN (0x4)
                0x200003b4                __data_end__ = .

.igot.plt       0x200003b4        0x0
 .igot.plt      0x200003b4        0x0 e:/nxp/s32ds/build_tools/gcc_v6.3/gcc-6.3-arm32-eabi/bin/../lib/gcc/arm-none-eabi/6.3.1/thumb/v7e-m/fpv4-sp/hard/crtbegin.o

.bss            0x200003b4     0x2214
                0x200003b4                . = ALIGN (0x4)
                0x200003b4                __BSS_START = .
                0x200003b4                __bss_start__ = .
 *(.bss)
 *(.bss*)
 .bss.canCom1_State
                0x200003b4      0x114 ./Generated_Code/canCom1.o
                0x200003b4                canCom1_State
 .bss.g_clockManCallbacksArr
                0x200004c8        0x4 ./Generated_Code/clockMan1.o
                0x200004c8                g_clockManCallbacksArr
 .bss.g_RtcClkInFreq
                0x200004cc        0x4 ./SDK/platform/drivers/src/clock/S32K1xx/clock_S32K1xx.o
                0x200004cc                g_RtcClkInFreq
 .bss.g_TClkFreq
                0x200004d0        0xc ./SDK/platform/drivers/src/clock/S32K1xx/clock_S32K1xx.o
                0x200004d0                g_TClkFreq
 .bss.g_clockState
                0x200004dc       0x10 ./SDK/platform/drivers/src/clock/S32K1xx/clock_S32K1xx.o
 .bss.g_xtal0ClkFreq
                0x200004ec        0x4 ./SDK/platform/drivers/src/clock/S32K1xx/clock_S32K1xx.o
                0x200004ec                g_xtal0ClkFreq
 .bss.s_virtEdmaState
                0x200004f0        0x4 ./SDK/platform/drivers/src/edma/edma_driver.o
 .bss.g_flexcanStatePtr
                0x200004f4        0xc ./SDK/platform/drivers/src/flexcan/flexcan_driver.o
 .bss.g_interruptDisableCount
                0x20000500        0x4 ./SDK/platform/drivers/src/interrupt/interrupt_manager.o
 .bss.s_osif_tick_cnt
                0x20000504        0x4 ./SDK/rtos/osif/osif_baremetal.o
 .bss.link      0x20000508       0x24 ./Sources/CANTP.o
                0x20000508                link
 .bss.callback_test
                0x2000052c        0x1 ./Sources/CAN_standard.o
                0x2000052c                callback_test
 *fill*         0x2000052d        0x3 
 .bss.convert_Buff
                0x20000530        0x8 ./Sources/CAN_standard.o
                0x20000530                convert_Buff
 .bss.recvBuff  0x20000538       0x4c ./Sources/CAN_standard.o
                0x20000538                recvBuff
 .bss.comm      0x20000584       0x10 ./Sources/UDS_ECU.o
                0x20000584                comm
 .bss.flashSsdConfig
                0x20000594       0x1c ./Sources/UDS_ECU.o
                0x20000594                flashSsdConfig
 .bss.request   0x200005b0        0x7 ./Sources/UDS_ECU.o
                0x200005b0                request
 *fill*         0x200005b7        0x1 
 .bss.RxBuffer  0x200005b8      0xfff ./Sources/main.o
                0x200005b8                RxBuffer
 *fill*         0x200015b7        0x1 
 .bss.TxBuffer  0x200015b8      0xfff ./Sources/main.o
                0x200015b8                TxBuffer
 *fill*         0x200025b7        0x1 
 .bss.__malloc_free_list
                0x200025b8        0x4 E:/NXP/S32DS/build_tools/gcc_v6.3/gcc-6.3-arm32-eabi/arm-none-eabi/newlib/lib/thumb/v7e-m/fpv4-sp/hard\libc_nano.a(lib_a-nano-mallocr.o)
                0x200025b8                __malloc_free_list
 .bss.__malloc_sbrk_start
                0x200025bc        0x4 E:/NXP/S32DS/build_tools/gcc_v6.3/gcc-6.3-arm32-eabi/arm-none-eabi/newlib/lib/thumb/v7e-m/fpv4-sp/hard\libc_nano.a(lib_a-nano-mallocr.o)
                0x200025bc                __malloc_sbrk_start
 .bss.heap_end.5365
                0x200025c0        0x4 E:/NXP/S32DS/build_tools/gcc_v6.3/gcc-6.3-arm32-eabi/arm-none-eabi/newlib/lib/thumb/v7e-m/fpv4-sp/hard\libnosys.a(sbrk.o)
 *(COMMON)
 COMMON         0x200025c4        0x4 E:/NXP/S32DS/build_tools/gcc_v6.3/gcc-6.3-arm32-eabi/arm-none-eabi/newlib/lib/thumb/v7e-m/fpv4-sp/hard\libc_nano.a(lib_a-reent.o)
                0x200025c4                errno
                0x200025c8                . = ALIGN (0x4)
                0x200025c8                __bss_end__ = .
                0x200025c8                __BSS_END = .

.heap           0x200025c8      0x400
                0x200025c8                . = ALIGN (0x8)
                0x200025c8                __end__ = .
                0x200025c8                __heap_start__ = .
                0x200025c8                PROVIDE (end, .)
                [!provide]                PROVIDE (_end, .)
                [!provide]                PROVIDE (__end, .)
                0x200025c8                __HeapBase = .
                0x200029c8                . = (. + HEAP_SIZE)
 *fill*         0x200025c8      0x400 
                0x200029c8                __HeapLimit = .
                0x200029c8                __heap_limit = .
                0x200029c8                __heap_end__ = .
                0x20007000                __StackTop = (ORIGIN (m_data) + LENGTH (m_data))
                0x20006c00                __StackLimit = (__StackTop - STACK_SIZE)
                0x20007000                PROVIDE (__stack, __StackTop)

.stack          0x20006c00      0x400
                0x20006c00                . = ALIGN (0x8)
                0x20006c00                __stack_start__ = .
                0x20007000                . = (. + STACK_SIZE)
 *fill*         0x20006c00      0x400 
                0x20007000                __stack_end__ = .

.ARM.attributes
                0x00000000       0x30
 *(.ARM.attributes)
 .ARM.attributes
                0x00000000       0x22 e:/nxp/s32ds/build_tools/gcc_v6.3/gcc-6.3-arm32-eabi/bin/../lib/gcc/arm-none-eabi/6.3.1/thumb/v7e-m/fpv4-sp/hard/crti.o
 .ARM.attributes
                0x00000022       0x39 ./Generated_Code/Flash1.o
 .ARM.attributes
                0x0000005b       0x39 ./Generated_Code/canCom1.o
 .ARM.attributes
                0x00000094       0x39 ./Generated_Code/clockMan1.o
 .ARM.attributes
                0x000000cd       0x39 ./Generated_Code/lpTmr1.o
 .ARM.attributes
                0x00000106       0x39 ./Generated_Code/pin_mux.o
 .ARM.attributes
                0x0000013f       0x1f ./Project_Settings/Startup_Code/startup_S32K144.o
 .ARM.attributes
                0x0000015e       0x39 ./SDK/platform/devices/S32K144/startup/system_S32K144.o
 .ARM.attributes
                0x00000197       0x39 ./SDK/platform/devices/startup.o
 .ARM.attributes
                0x000001d0       0x39 ./SDK/platform/drivers/src/clock/S32K1xx/clock_S32K1xx.o
 .ARM.attributes
                0x00000209       0x39 ./SDK/platform/drivers/src/edma/edma_driver.o
 .ARM.attributes
                0x00000242       0x39 ./SDK/platform/drivers/src/edma/edma_hw_access.o
 .ARM.attributes
                0x0000027b       0x39 ./SDK/platform/drivers/src/edma/edma_irq.o
 .ARM.attributes
                0x000002b4       0x39 ./SDK/platform/drivers/src/flash/flash_driver.o
 .ARM.attributes
                0x000002ed       0x39 ./SDK/platform/drivers/src/flexcan/flexcan_driver.o
 .ARM.attributes
                0x00000326       0x39 ./SDK/platform/drivers/src/flexcan/flexcan_hw_access.o
 .ARM.attributes
                0x0000035f       0x39 ./SDK/platform/drivers/src/flexcan/flexcan_irq.o
 .ARM.attributes
                0x00000398       0x39 ./SDK/platform/drivers/src/interrupt/interrupt_manager.o
 .ARM.attributes
                0x000003d1       0x39 ./SDK/platform/drivers/src/lptmr/lptmr_driver.o
 .ARM.attributes
                0x0000040a       0x39 ./SDK/platform/drivers/src/lptmr/lptmr_hw_access.o
 .ARM.attributes
                0x00000443       0x39 ./SDK/platform/drivers/src/pins/pins_driver.o
 .ARM.attributes
                0x0000047c       0x39 ./SDK/platform/drivers/src/pins/pins_port_hw_access.o
 .ARM.attributes
                0x000004b5       0x39 ./SDK/rtos/osif/osif_baremetal.o
 .ARM.attributes
                0x000004ee       0x39 ./Sources/CANTP.o
 .ARM.attributes
                0x00000527       0x39 ./Sources/CAN_standard.o
 .ARM.attributes
                0x00000560       0x39 ./Sources/UDS_ECU.o
 .ARM.attributes
                0x00000599       0x39 ./Sources/main.o
 .ARM.attributes
                0x000005d2       0x22 e:/nxp/s32ds/build_tools/gcc_v6.3/gcc-6.3-arm32-eabi/bin/../lib/gcc/arm-none-eabi/6.3.1/thumb/v7e-m/fpv4-sp/hard\libgcc.a(_aeabi_uldivmod.o)
 .ARM.attributes
                0x000005f4       0x34 e:/nxp/s32ds/build_tools/gcc_v6.3/gcc-6.3-arm32-eabi/bin/../lib/gcc/arm-none-eabi/6.3.1/thumb/v7e-m/fpv4-sp/hard\libgcc.a(_udivmoddi4.o)
 .ARM.attributes
                0x00000628       0x22 e:/nxp/s32ds/build_tools/gcc_v6.3/gcc-6.3-arm32-eabi/bin/../lib/gcc/arm-none-eabi/6.3.1/thumb/v7e-m/fpv4-sp/hard\libgcc.a(_dvmd_tls.o)
 .ARM.attributes
                0x0000064a       0x34 E:/NXP/S32DS/build_tools/gcc_v6.3/gcc-6.3-arm32-eabi/arm-none-eabi/newlib/lib/thumb/v7e-m/fpv4-sp/hard\libc_nano.a(lib_a-impure.o)
 .ARM.attributes
                0x0000067e       0x34 E:/NXP/S32DS/build_tools/gcc_v6.3/gcc-6.3-arm32-eabi/arm-none-eabi/newlib/lib/thumb/v7e-m/fpv4-sp/hard\libc_nano.a(lib_a-memcpy-stub.o)
 .ARM.attributes
                0x000006b2       0x34 E:/NXP/S32DS/build_tools/gcc_v6.3/gcc-6.3-arm32-eabi/arm-none-eabi/newlib/lib/thumb/v7e-m/fpv4-sp/hard\libc_nano.a(lib_a-rand.o)
 .ARM.attributes
                0x000006e6       0x34 E:/NXP/S32DS/build_tools/gcc_v6.3/gcc-6.3-arm32-eabi/arm-none-eabi/newlib/lib/thumb/v7e-m/fpv4-sp/hard\libc_nano.a(lib_a-time.o)
 .ARM.attributes
                0x0000071a       0x34 E:/NXP/S32DS/build_tools/gcc_v6.3/gcc-6.3-arm32-eabi/arm-none-eabi/newlib/lib/thumb/v7e-m/fpv4-sp/hard\libc_nano.a(lib_a-gettimeofdayr.o)
 .ARM.attributes
                0x0000074e       0x34 E:/NXP/S32DS/build_tools/gcc_v6.3/gcc-6.3-arm32-eabi/arm-none-eabi/newlib/lib/thumb/v7e-m/fpv4-sp/hard\libc_nano.a(lib_a-malloc.o)
 .ARM.attributes
                0x00000782       0x34 E:/NXP/S32DS/build_tools/gcc_v6.3/gcc-6.3-arm32-eabi/arm-none-eabi/newlib/lib/thumb/v7e-m/fpv4-sp/hard\libc_nano.a(lib_a-nano-mallocr.o)
 .ARM.attributes
                0x000007b6       0x34 E:/NXP/S32DS/build_tools/gcc_v6.3/gcc-6.3-arm32-eabi/arm-none-eabi/newlib/lib/thumb/v7e-m/fpv4-sp/hard\libc_nano.a(lib_a-reent.o)
 .ARM.attributes
                0x000007ea       0x34 E:/NXP/S32DS/build_tools/gcc_v6.3/gcc-6.3-arm32-eabi/arm-none-eabi/newlib/lib/thumb/v7e-m/fpv4-sp/hard\libc_nano.a(lib_a-sbrkr.o)
 .ARM.attributes
                0x0000081e       0x34 E:/NXP/S32DS/build_tools/gcc_v6.3/gcc-6.3-arm32-eabi/arm-none-eabi/newlib/lib/thumb/v7e-m/fpv4-sp/hard\libc_nano.a(lib_a-mlock.o)
 .ARM.attributes
                0x00000852       0x34 E:/NXP/S32DS/build_tools/gcc_v6.3/gcc-6.3-arm32-eabi/arm-none-eabi/newlib/lib/thumb/v7e-m/fpv4-sp/hard\libnosys.a(gettod.o)
 .ARM.attributes
                0x00000886       0x34 E:/NXP/S32DS/build_tools/gcc_v6.3/gcc-6.3-arm32-eabi/arm-none-eabi/newlib/lib/thumb/v7e-m/fpv4-sp/hard\libnosys.a(sbrk.o)
                0x00000001                ASSERT ((__StackLimit >= __HeapLimit), region m_data overflowed with stack and heap)

/DISCARD/
 *(.FlashConfig)
OUTPUT(ECU_1.elf elf32-littlearm)

.debug_info     0x00000000    0x2d530
 .debug_info    0x00000000     0x1f50 ./Generated_Code/Flash1.o
 .debug_info    0x00001f50     0x1f5d ./Generated_Code/canCom1.o
 .debug_info    0x00003ead     0x2085 ./Generated_Code/clockMan1.o
 .debug_info    0x00005f32     0x1f50 ./Generated_Code/lpTmr1.o
 .debug_info    0x00007e82      0x406 ./Generated_Code/pin_mux.o
 .debug_info    0x00008288       0x26 ./Project_Settings/Startup_Code/startup_S32K144.o
 .debug_info    0x000082ae      0x521 ./SDK/platform/devices/S32K144/startup/system_S32K144.o
 .debug_info    0x000087cf      0x2ad ./SDK/platform/devices/startup.o
 .debug_info    0x00008a7c     0x5ae6 ./SDK/platform/drivers/src/clock/S32K1xx/clock_S32K1xx.o
 .debug_info    0x0000e562     0x3771 ./SDK/platform/drivers/src/edma/edma_driver.o
 .debug_info    0x00011cd3      0x960 ./SDK/platform/drivers/src/edma/edma_hw_access.o
 .debug_info    0x00012633      0x6db ./SDK/platform/drivers/src/edma/edma_irq.o
 .debug_info    0x00012d0e     0x188f ./SDK/platform/drivers/src/flash/flash_driver.o
 .debug_info    0x0001459d     0x5039 ./SDK/platform/drivers/src/flexcan/flexcan_driver.o
 .debug_info    0x000195d6     0x1d7b ./SDK/platform/drivers/src/flexcan/flexcan_hw_access.o
 .debug_info    0x0001b351      0x275 ./SDK/platform/drivers/src/flexcan/flexcan_irq.o
 .debug_info    0x0001b5c6      0x997 ./SDK/platform/drivers/src/interrupt/interrupt_manager.o
 .debug_info    0x0001bf5d     0x2203 ./SDK/platform/drivers/src/lptmr/lptmr_driver.o
 .debug_info    0x0001e160      0x11c ./SDK/platform/drivers/src/lptmr/lptmr_hw_access.o
 .debug_info    0x0001e27c     0x13d8 ./SDK/platform/drivers/src/pins/pins_driver.o
 .debug_info    0x0001f654      0x8a8 ./SDK/platform/drivers/src/pins/pins_port_hw_access.o
 .debug_info    0x0001fefc      0xa9e ./SDK/rtos/osif/osif_baremetal.o
 .debug_info    0x0002099a     0x32b2 ./Sources/CANTP.o
 .debug_info    0x00023c4c     0x2f04 ./Sources/CAN_standard.o
 .debug_info    0x00026b50     0x3829 ./Sources/UDS_ECU.o
 .debug_info    0x0002a379     0x31b7 ./Sources/main.o

.debug_abbrev   0x00000000     0x38fd
 .debug_abbrev  0x00000000      0x16a ./Generated_Code/Flash1.o
 .debug_abbrev  0x0000016a      0x16a ./Generated_Code/canCom1.o
 .debug_abbrev  0x000002d4      0x177 ./Generated_Code/clockMan1.o
 .debug_abbrev  0x0000044b      0x16a ./Generated_Code/lpTmr1.o
 .debug_abbrev  0x000005b5       0xca ./Generated_Code/pin_mux.o
 .debug_abbrev  0x0000067f       0x14 ./Project_Settings/Startup_Code/startup_S32K144.o
 .debug_abbrev  0x00000693      0x140 ./SDK/platform/devices/S32K144/startup/system_S32K144.o
 .debug_abbrev  0x000007d3       0xe0 ./SDK/platform/devices/startup.o
 .debug_abbrev  0x000008b3      0x3e3 ./SDK/platform/drivers/src/clock/S32K1xx/clock_S32K1xx.o
 .debug_abbrev  0x00000c96      0x422 ./SDK/platform/drivers/src/edma/edma_driver.o
 .debug_abbrev  0x000010b8      0x205 ./SDK/platform/drivers/src/edma/edma_hw_access.o
 .debug_abbrev  0x000012bd      0x1b8 ./SDK/platform/drivers/src/edma/edma_irq.o
 .debug_abbrev  0x00001475      0x2bf ./SDK/platform/drivers/src/flash/flash_driver.o
 .debug_abbrev  0x00001734      0x431 ./SDK/platform/drivers/src/flexcan/flexcan_driver.o
 .debug_abbrev  0x00001b65      0x38a ./SDK/platform/drivers/src/flexcan/flexcan_hw_access.o
 .debug_abbrev  0x00001eef       0x6c ./SDK/platform/drivers/src/flexcan/flexcan_irq.o
 .debug_abbrev  0x00001f5b      0x1f4 ./SDK/platform/drivers/src/interrupt/interrupt_manager.o
 .debug_abbrev  0x0000214f      0x358 ./SDK/platform/drivers/src/lptmr/lptmr_driver.o
 .debug_abbrev  0x000024a7       0xaf ./SDK/platform/drivers/src/lptmr/lptmr_hw_access.o
 .debug_abbrev  0x00002556      0x2db ./SDK/platform/drivers/src/pins/pins_driver.o
 .debug_abbrev  0x00002831      0x1f5 ./SDK/platform/drivers/src/pins/pins_port_hw_access.o
 .debug_abbrev  0x00002a26      0x2c6 ./SDK/rtos/osif/osif_baremetal.o
 .debug_abbrev  0x00002cec      0x319 ./Sources/CANTP.o
 .debug_abbrev  0x00003005      0x28a ./Sources/CAN_standard.o
 .debug_abbrev  0x0000328f      0x408 ./Sources/UDS_ECU.o
 .debug_abbrev  0x00003697      0x266 ./Sources/main.o

.debug_aranges  0x00000000      0xc90
 .debug_aranges
                0x00000000       0x18 ./Generated_Code/Flash1.o
 .debug_aranges
                0x00000018       0x18 ./Generated_Code/canCom1.o
 .debug_aranges
                0x00000030       0x18 ./Generated_Code/clockMan1.o
 .debug_aranges
                0x00000048       0x18 ./Generated_Code/lpTmr1.o
 .debug_aranges
                0x00000060       0x18 ./Generated_Code/pin_mux.o
 .debug_aranges
                0x00000078       0x20 ./Project_Settings/Startup_Code/startup_S32K144.o
 .debug_aranges
                0x00000098       0x30 ./SDK/platform/devices/S32K144/startup/system_S32K144.o
 .debug_aranges
                0x000000c8       0x20 ./SDK/platform/devices/startup.o
 .debug_aranges
                0x000000e8      0x120 ./SDK/platform/drivers/src/clock/S32K1xx/clock_S32K1xx.o
 .debug_aranges
                0x00000208      0x138 ./SDK/platform/drivers/src/edma/edma_driver.o
 .debug_aranges
                0x00000340       0x88 ./SDK/platform/drivers/src/edma/edma_hw_access.o
 .debug_aranges
                0x000003c8       0xa0 ./SDK/platform/drivers/src/edma/edma_irq.o
 .debug_aranges
                0x00000468      0x130 ./SDK/platform/drivers/src/flash/flash_driver.o
 .debug_aranges
                0x00000598      0x170 ./SDK/platform/drivers/src/flexcan/flexcan_driver.o
 .debug_aranges
                0x00000708       0xe8 ./SDK/platform/drivers/src/flexcan/flexcan_hw_access.o
 .debug_aranges
                0x000007f0       0x80 ./SDK/platform/drivers/src/flexcan/flexcan_irq.o
 .debug_aranges
                0x00000870       0x70 ./SDK/platform/drivers/src/interrupt/interrupt_manager.o
 .debug_aranges
                0x000008e0       0xa8 ./SDK/platform/drivers/src/lptmr/lptmr_driver.o
 .debug_aranges
                0x00000988       0x20 ./SDK/platform/drivers/src/lptmr/lptmr_hw_access.o
 .debug_aranges
                0x000009a8       0xe0 ./SDK/platform/drivers/src/pins/pins_driver.o
 .debug_aranges
                0x00000a88       0x40 ./SDK/platform/drivers/src/pins/pins_port_hw_access.o
 .debug_aranges
                0x00000ac8       0x70 ./SDK/rtos/osif/osif_baremetal.o
 .debug_aranges
                0x00000b38       0x70 ./Sources/CANTP.o
 .debug_aranges
                0x00000ba8       0x40 ./Sources/CAN_standard.o
 .debug_aranges
                0x00000be8       0x78 ./Sources/UDS_ECU.o
 .debug_aranges
                0x00000c60       0x30 ./Sources/main.o

.debug_line     0x00000000     0x7f79
 .debug_line    0x00000000      0x3c2 ./Generated_Code/Flash1.o
 .debug_line    0x000003c2      0x3c3 ./Generated_Code/canCom1.o
 .debug_line    0x00000785      0x3c5 ./Generated_Code/clockMan1.o
 .debug_line    0x00000b4a      0x3c2 ./Generated_Code/lpTmr1.o
 .debug_line    0x00000f0c      0x1c0 ./Generated_Code/pin_mux.o
 .debug_line    0x000010cc       0x82 ./Project_Settings/Startup_Code/startup_S32K144.o
 .debug_line    0x0000114e      0x1e0 ./SDK/platform/devices/S32K144/startup/system_S32K144.o
 .debug_line    0x0000132e      0x159 ./SDK/platform/devices/startup.o
 .debug_line    0x00001487     0x10db ./SDK/platform/drivers/src/clock/S32K1xx/clock_S32K1xx.o
 .debug_line    0x00002562      0x87e ./SDK/platform/drivers/src/edma/edma_driver.o
 .debug_line    0x00002de0      0x355 ./SDK/platform/drivers/src/edma/edma_hw_access.o
 .debug_line    0x00003135      0x2c4 ./SDK/platform/drivers/src/edma/edma_irq.o
 .debug_line    0x000033f9      0x79c ./SDK/platform/drivers/src/flash/flash_driver.o
 .debug_line    0x00003b95      0xd00 ./SDK/platform/drivers/src/flexcan/flexcan_driver.o
 .debug_line    0x00004895      0x785 ./SDK/platform/drivers/src/flexcan/flexcan_hw_access.o
 .debug_line    0x0000501a      0x140 ./SDK/platform/drivers/src/flexcan/flexcan_irq.o
 .debug_line    0x0000515a      0x341 ./SDK/platform/drivers/src/interrupt/interrupt_manager.o
 .debug_line    0x0000549b      0x633 ./SDK/platform/drivers/src/lptmr/lptmr_driver.o
 .debug_line    0x00005ace      0x18c ./SDK/platform/drivers/src/lptmr/lptmr_hw_access.o
 .debug_line    0x00005c5a      0x4a6 ./SDK/platform/drivers/src/pins/pins_driver.o
 .debug_line    0x00006100      0x2d1 ./SDK/platform/drivers/src/pins/pins_port_hw_access.o
 .debug_line    0x000063d1      0x3ca ./SDK/rtos/osif/osif_baremetal.o
 .debug_line    0x0000679b      0x650 ./Sources/CANTP.o
 .debug_line    0x00006deb      0x542 ./Sources/CAN_standard.o
 .debug_line    0x0000732d      0x723 ./Sources/UDS_ECU.o
 .debug_line    0x00007a50      0x529 ./Sources/main.o

.debug_str      0x00000000     0xaaac
 .debug_str     0x00000000     0x3552 ./Generated_Code/Flash1.o
                               0x3624 (size before relaxing)
 .debug_str     0x00003552       0x1c ./Generated_Code/canCom1.o
                               0x3625 (size before relaxing)
 .debug_str     0x0000356e      0x4b6 ./Generated_Code/clockMan1.o
                               0x3abf (size before relaxing)
 .debug_str     0x00003a24       0x1b ./Generated_Code/lpTmr1.o
                               0x3624 (size before relaxing)
 .debug_str     0x00003a3f       0x1c ./Generated_Code/pin_mux.o
                                0x5ee (size before relaxing)
 .debug_str     0x00003a5b       0x3f ./Project_Settings/Startup_Code/startup_S32K144.o
                                 0x75 (size before relaxing)
 .debug_str     0x00003a9a      0x1e2 ./SDK/platform/devices/S32K144/startup/system_S32K144.o
                                0x42f (size before relaxing)
 .debug_str     0x00003c7c      0x20c ./SDK/platform/devices/startup.o
                                0x41e (size before relaxing)
 .debug_str     0x00003e88     0x1556 ./SDK/platform/drivers/src/clock/S32K1xx/clock_S32K1xx.o
                               0x392e (size before relaxing)
 .debug_str     0x000053de     0x1726 ./SDK/platform/drivers/src/edma/edma_driver.o
                               0x2a1c (size before relaxing)
 .debug_str     0x00006b04       0x46 ./SDK/platform/drivers/src/edma/edma_hw_access.o
                                0x7e0 (size before relaxing)
 .debug_str     0x00006b4a      0x162 ./SDK/platform/drivers/src/edma/edma_irq.o
                                0x4f5 (size before relaxing)
 .debug_str     0x00006cac      0x701 ./SDK/platform/drivers/src/flash/flash_driver.o
                               0x18d5 (size before relaxing)
 .debug_str     0x000073ad     0x1426 ./SDK/platform/drivers/src/flexcan/flexcan_driver.o
                               0x3225 (size before relaxing)
 .debug_str     0x000087d3      0x367 ./SDK/platform/drivers/src/flexcan/flexcan_hw_access.o
                               0x1824 (size before relaxing)
 .debug_str     0x00008b3a      0x17c ./SDK/platform/drivers/src/flexcan/flexcan_irq.o
                                0x3aa (size before relaxing)
 .debug_str     0x00008cb6      0x180 ./SDK/platform/drivers/src/interrupt/interrupt_manager.o
                                0xb74 (size before relaxing)
 .debug_str     0x00008e36      0x61c ./SDK/platform/drivers/src/lptmr/lptmr_driver.o
                               0x19bd (size before relaxing)
 .debug_str     0x00009452       0x34 ./SDK/platform/drivers/src/lptmr/lptmr_hw_access.o
                                0x255 (size before relaxing)
 .debug_str     0x00009486      0x5da ./SDK/platform/drivers/src/pins/pins_driver.o
                               0x143a (size before relaxing)
 .debug_str     0x00009a60      0x19d ./SDK/platform/drivers/src/pins/pins_port_hw_access.o
                                0x922 (size before relaxing)
 .debug_str     0x00009bfd      0x192 ./SDK/rtos/osif/osif_baremetal.o
                               0x10cb (size before relaxing)
 .debug_str     0x00009d8f      0x8a9 ./Sources/CANTP.o
                               0x4037 (size before relaxing)
 .debug_str     0x0000a638       0xad ./Sources/CAN_standard.o
                               0x3f58 (size before relaxing)
 .debug_str     0x0000a6e5      0x2b2 ./Sources/UDS_ECU.o
                               0x410a (size before relaxing)
 .debug_str     0x0000a997      0x115 ./Sources/main.o
                               0x45ef (size before relaxing)

.comment        0x00000000       0xa0
 .comment       0x00000000       0xa0 ./Generated_Code/Flash1.o
                                 0xa1 (size before relaxing)
 .comment       0x000000a0       0xa1 ./Generated_Code/canCom1.o
 .comment       0x000000a0       0xa1 ./Generated_Code/clockMan1.o
 .comment       0x000000a0       0xa1 ./Generated_Code/lpTmr1.o
 .comment       0x000000a0       0xa1 ./Generated_Code/pin_mux.o
 .comment       0x000000a0       0xa1 ./SDK/platform/devices/S32K144/startup/system_S32K144.o
 .comment       0x000000a0       0xa1 ./SDK/platform/devices/startup.o
 .comment       0x000000a0       0xa1 ./SDK/platform/drivers/src/clock/S32K1xx/clock_S32K1xx.o
 .comment       0x000000a0       0xa1 ./SDK/platform/drivers/src/edma/edma_driver.o
 .comment       0x000000a0       0xa1 ./SDK/platform/drivers/src/edma/edma_hw_access.o
 .comment       0x000000a0       0xa1 ./SDK/platform/drivers/src/edma/edma_irq.o
 .comment       0x000000a0       0xa1 ./SDK/platform/drivers/src/flash/flash_driver.o
 .comment       0x000000a0       0xa1 ./SDK/platform/drivers/src/flexcan/flexcan_driver.o
 .comment       0x000000a0       0xa1 ./SDK/platform/drivers/src/flexcan/flexcan_hw_access.o
 .comment       0x000000a0       0xa1 ./SDK/platform/drivers/src/flexcan/flexcan_irq.o
 .comment       0x000000a0       0xa1 ./SDK/platform/drivers/src/interrupt/interrupt_manager.o
 .comment       0x000000a0       0xa1 ./SDK/platform/drivers/src/lptmr/lptmr_driver.o
 .comment       0x000000a0       0xa1 ./SDK/platform/drivers/src/lptmr/lptmr_hw_access.o
 .comment       0x000000a0       0xa1 ./SDK/platform/drivers/src/pins/pins_driver.o
 .comment       0x000000a0       0xa1 ./SDK/platform/drivers/src/pins/pins_port_hw_access.o
 .comment       0x000000a0       0xa1 ./SDK/rtos/osif/osif_baremetal.o
 .comment       0x000000a0       0xa1 ./Sources/CANTP.o
 .comment       0x000000a0       0xa1 ./Sources/CAN_standard.o
 .comment       0x000000a0       0xa1 ./Sources/UDS_ECU.o
 .comment       0x000000a0       0xa1 ./Sources/main.o

.debug_loc      0x00000000    0x1276b
 .debug_loc     0x00000000       0xeb ./SDK/platform/devices/S32K144/startup/system_S32K144.o
 .debug_loc     0x000000eb       0xec ./SDK/platform/devices/startup.o
 .debug_loc     0x000001d7     0x4e0b ./SDK/platform/drivers/src/clock/S32K1xx/clock_S32K1xx.o
 .debug_loc     0x00004fe2     0x28bf ./SDK/platform/drivers/src/edma/edma_driver.o
 .debug_loc     0x000078a1      0x6fa ./SDK/platform/drivers/src/edma/edma_hw_access.o
 .debug_loc     0x00007f9b       0x50 ./SDK/platform/drivers/src/edma/edma_irq.o
 .debug_loc     0x00007feb     0x1e38 ./SDK/platform/drivers/src/flash/flash_driver.o
 .debug_loc     0x00009e23     0x3427 ./SDK/platform/drivers/src/flexcan/flexcan_driver.o
 .debug_loc     0x0000d24a     0x1b61 ./SDK/platform/drivers/src/flexcan/flexcan_hw_access.o
 .debug_loc     0x0000edab      0x252 ./SDK/platform/drivers/src/interrupt/interrupt_manager.o
 .debug_loc     0x0000effd     0x12d7 ./SDK/platform/drivers/src/lptmr/lptmr_driver.o
 .debug_loc     0x000102d4       0x1f ./SDK/platform/drivers/src/lptmr/lptmr_hw_access.o
 .debug_loc     0x000102f3      0x77f ./SDK/platform/drivers/src/pins/pins_driver.o
 .debug_loc     0x00010a72      0x56a ./SDK/platform/drivers/src/pins/pins_port_hw_access.o
 .debug_loc     0x00010fdc      0x275 ./SDK/rtos/osif/osif_baremetal.o
 .debug_loc     0x00011251      0x5f4 ./Sources/CANTP.o
 .debug_loc     0x00011845      0x2ea ./Sources/CAN_standard.o
 .debug_loc     0x00011b2f      0xbef ./Sources/UDS_ECU.o
 .debug_loc     0x0001271e       0x4d ./Sources/main.o

.debug_ranges   0x00000000     0x10b0
 .debug_ranges  0x00000000       0x20 ./SDK/platform/devices/S32K144/startup/system_S32K144.o
 .debug_ranges  0x00000020       0x10 ./SDK/platform/devices/startup.o
 .debug_ranges  0x00000030      0x388 ./SDK/platform/drivers/src/clock/S32K1xx/clock_S32K1xx.o
 .debug_ranges  0x000003b8      0x158 ./SDK/platform/drivers/src/edma/edma_driver.o
 .debug_ranges  0x00000510       0x90 ./SDK/platform/drivers/src/edma/edma_hw_access.o
 .debug_ranges  0x000005a0       0x90 ./SDK/platform/drivers/src/edma/edma_irq.o
 .debug_ranges  0x00000630      0x190 ./SDK/platform/drivers/src/flash/flash_driver.o
 .debug_ranges  0x000007c0      0x278 ./SDK/platform/drivers/src/flexcan/flexcan_driver.o
 .debug_ranges  0x00000a38      0x110 ./SDK/platform/drivers/src/flexcan/flexcan_hw_access.o
 .debug_ranges  0x00000b48       0x70 ./SDK/platform/drivers/src/flexcan/flexcan_irq.o
 .debug_ranges  0x00000bb8       0x98 ./SDK/platform/drivers/src/interrupt/interrupt_manager.o
 .debug_ranges  0x00000c50      0x1a8 ./SDK/platform/drivers/src/lptmr/lptmr_driver.o
 .debug_ranges  0x00000df8       0x10 ./SDK/platform/drivers/src/lptmr/lptmr_hw_access.o
 .debug_ranges  0x00000e08       0xd0 ./SDK/platform/drivers/src/pins/pins_driver.o
 .debug_ranges  0x00000ed8       0x30 ./SDK/platform/drivers/src/pins/pins_port_hw_access.o
 .debug_ranges  0x00000f08       0x90 ./SDK/rtos/osif/osif_baremetal.o
 .debug_ranges  0x00000f98       0x60 ./Sources/CANTP.o
 .debug_ranges  0x00000ff8       0x30 ./Sources/CAN_standard.o
 .debug_ranges  0x00001028       0x68 ./Sources/UDS_ECU.o
 .debug_ranges  0x00001090       0x20 ./Sources/main.o

.debug_frame    0x00000000     0x2308
 .debug_frame   0x00000000       0x40 ./SDK/platform/devices/S32K144/startup/system_S32K144.o
 .debug_frame   0x00000040       0x2c ./SDK/platform/devices/startup.o
 .debug_frame   0x0000006c      0x37c ./SDK/platform/drivers/src/clock/S32K1xx/clock_S32K1xx.o
 .debug_frame   0x000003e8      0x388 ./SDK/platform/drivers/src/edma/edma_driver.o
 .debug_frame   0x00000770      0x144 ./SDK/platform/drivers/src/edma/edma_hw_access.o
 .debug_frame   0x000008b4      0x1ac ./SDK/platform/drivers/src/edma/edma_irq.o
 .debug_frame   0x00000a60      0x39c ./SDK/platform/drivers/src/flash/flash_driver.o
 .debug_frame   0x00000dfc      0x4e0 ./SDK/platform/drivers/src/flexcan/flexcan_driver.o
 .debug_frame   0x000012dc      0x274 ./SDK/platform/drivers/src/flexcan/flexcan_hw_access.o
 .debug_frame   0x00001550      0x148 ./SDK/platform/drivers/src/flexcan/flexcan_irq.o
 .debug_frame   0x00001698       0xd8 ./SDK/platform/drivers/src/interrupt/interrupt_manager.o
 .debug_frame   0x00001770      0x198 ./SDK/platform/drivers/src/lptmr/lptmr_driver.o
 .debug_frame   0x00001908       0x20 ./SDK/platform/drivers/src/lptmr/lptmr_hw_access.o
 .debug_frame   0x00001928      0x1e4 ./SDK/platform/drivers/src/pins/pins_driver.o
 .debug_frame   0x00001b0c       0x98 ./SDK/platform/drivers/src/pins/pins_port_hw_access.o
 .debug_frame   0x00001ba4       0xf8 ./SDK/rtos/osif/osif_baremetal.o
 .debug_frame   0x00001c9c      0x188 ./Sources/CANTP.o
 .debug_frame   0x00001e24       0x9c ./Sources/CAN_standard.o
 .debug_frame   0x00001ec0      0x174 ./Sources/UDS_ECU.o
 .debug_frame   0x00002034       0x5c ./Sources/main.o
 .debug_frame   0x00002090       0x2c e:/nxp/s32ds/build_tools/gcc_v6.3/gcc-6.3-arm32-eabi/bin/../lib/gcc/arm-none-eabi/6.3.1/thumb/v7e-m/fpv4-sp/hard\libgcc.a(_aeabi_uldivmod.o)
 .debug_frame   0x000020bc       0x34 e:/nxp/s32ds/build_tools/gcc_v6.3/gcc-6.3-arm32-eabi/bin/../lib/gcc/arm-none-eabi/6.3.1/thumb/v7e-m/fpv4-sp/hard\libgcc.a(_udivmoddi4.o)
 .debug_frame   0x000020f0       0x28 E:/NXP/S32DS/build_tools/gcc_v6.3/gcc-6.3-arm32-eabi/arm-none-eabi/newlib/lib/thumb/v7e-m/fpv4-sp/hard\libc_nano.a(lib_a-memcpy-stub.o)
 .debug_frame   0x00002118       0x44 E:/NXP/S32DS/build_tools/gcc_v6.3/gcc-6.3-arm32-eabi/arm-none-eabi/newlib/lib/thumb/v7e-m/fpv4-sp/hard\libc_nano.a(lib_a-rand.o)
 .debug_frame   0x0000215c       0x2c E:/NXP/S32DS/build_tools/gcc_v6.3/gcc-6.3-arm32-eabi/arm-none-eabi/newlib/lib/thumb/v7e-m/fpv4-sp/hard\libc_nano.a(lib_a-time.o)
 .debug_frame   0x00002188       0x2c E:/NXP/S32DS/build_tools/gcc_v6.3/gcc-6.3-arm32-eabi/arm-none-eabi/newlib/lib/thumb/v7e-m/fpv4-sp/hard\libc_nano.a(lib_a-gettimeofdayr.o)
 .debug_frame   0x000021b4       0x30 E:/NXP/S32DS/build_tools/gcc_v6.3/gcc-6.3-arm32-eabi/arm-none-eabi/newlib/lib/thumb/v7e-m/fpv4-sp/hard\libc_nano.a(lib_a-malloc.o)
 .debug_frame   0x000021e4       0x2c E:/NXP/S32DS/build_tools/gcc_v6.3/gcc-6.3-arm32-eabi/arm-none-eabi/newlib/lib/thumb/v7e-m/fpv4-sp/hard\libc_nano.a(lib_a-nano-mallocr.o)
 .debug_frame   0x00002210       0x5c E:/NXP/S32DS/build_tools/gcc_v6.3/gcc-6.3-arm32-eabi/arm-none-eabi/newlib/lib/thumb/v7e-m/fpv4-sp/hard\libc_nano.a(lib_a-reent.o)
 .debug_frame   0x0000226c       0x2c E:/NXP/S32DS/build_tools/gcc_v6.3/gcc-6.3-arm32-eabi/arm-none-eabi/newlib/lib/thumb/v7e-m/fpv4-sp/hard\libc_nano.a(lib_a-sbrkr.o)
 .debug_frame   0x00002298       0x30 E:/NXP/S32DS/build_tools/gcc_v6.3/gcc-6.3-arm32-eabi/arm-none-eabi/newlib/lib/thumb/v7e-m/fpv4-sp/hard\libc_nano.a(lib_a-mlock.o)
 .debug_frame   0x000022c8       0x20 E:/NXP/S32DS/build_tools/gcc_v6.3/gcc-6.3-arm32-eabi/arm-none-eabi/newlib/lib/thumb/v7e-m/fpv4-sp/hard\libnosys.a(gettod.o)
 .debug_frame   0x000022e8       0x20 E:/NXP/S32DS/build_tools/gcc_v6.3/gcc-6.3-arm32-eabi/arm-none-eabi/newlib/lib/thumb/v7e-m/fpv4-sp/hard\libnosys.a(sbrk.o)

.stab           0x00000000       0x24
 .stab          0x00000000       0x24 E:/NXP/S32DS/build_tools/gcc_v6.3/gcc-6.3-arm32-eabi/arm-none-eabi/newlib/lib/thumb/v7e-m/fpv4-sp/hard\libnosys.a(gettod.o)

.stabstr        0x00000000       0x4e
 .stabstr       0x00000000       0x4e E:/NXP/S32DS/build_tools/gcc_v6.3/gcc-6.3-arm32-eabi/arm-none-eabi/newlib/lib/thumb/v7e-m/fpv4-sp/hard\libnosys.a(gettod.o)
